Archive member included to satisfy reference by file (symbol)

..\Middlewares\ST\ARM\DSP\Src\libarm_cortexM7lfsp_math.a(arm_const_structs.o)
                              CMakeFiles/lvgl.elf.dir/Core/Src/main.c.obj (arm_cfft_sR_f32_len1024)
..\Middlewares\ST\ARM\DSP\Src\libarm_cortexM7lfsp_math.a(arm_common_tables.o)
                              ..\Middlewares\ST\ARM\DSP\Src\libarm_cortexM7lfsp_math.a(arm_const_structs.o) (realCoefBQ15)
..\Middlewares\ST\ARM\DSP\Src\libarm_cortexM7lfsp_math.a(arm_max_f32.o)
                              CMakeFiles/lvgl.elf.dir/Core/User/my_lib/my_lib.c.obj (arm_max_f32)
..\Middlewares\ST\ARM\DSP\Src\libarm_cortexM7lfsp_math.a(arm_cfft_f32.o)
                              CMakeFiles/lvgl.elf.dir/Core/Src/main.c.obj (arm_cfft_f32)
..\Middlewares\ST\ARM\DSP\Src\libarm_cortexM7lfsp_math.a(arm_bitreversal2.o)
                              ..\Middlewares\ST\ARM\DSP\Src\libarm_cortexM7lfsp_math.a(arm_cfft_f32.o) (arm_bitreversal_32)
..\Middlewares\ST\ARM\DSP\Src\libarm_cortexM7lfsp_math.a(arm_cmplx_mag_f32.o)
                              CMakeFiles/lvgl.elf.dir/Core/Src/main.c.obj (arm_cmplx_mag_f32)
..\Middlewares\ST\ARM\DSP\Src\libarm_cortexM7lfsp_math.a(arm_cfft_radix8_f32.o)
                              ..\Middlewares\ST\ARM\DSP\Src\libarm_cortexM7lfsp_math.a(arm_cfft_f32.o) (arm_radix8_butterfly_f32)
d:/clion/gcc-arm/bin/../lib/gcc/arm-none-eabi/9.3.1/thumb/v7e-m+fp/hard\libgcc.a(_arm_muldf3.o)
                              CMakeFiles/lvgl.elf.dir/Core/Src/main.c.obj (__aeabi_dmul)
d:/clion/gcc-arm/bin/../lib/gcc/arm-none-eabi/9.3.1/thumb/v7e-m+fp/hard\libgcc.a(_arm_addsubdf3.o)
                              CMakeFiles/lvgl.elf.dir/Core/Src/main.c.obj (__aeabi_dsub)
d:/clion/gcc-arm/bin/../lib/gcc/arm-none-eabi/9.3.1/thumb/v7e-m+fp/hard\libgcc.a(_arm_muldivdf3.o)
                              CMakeFiles/lvgl.elf.dir/Core/Src/main.c.obj (__aeabi_ddiv)
d:/clion/gcc-arm/bin/../lib/gcc/arm-none-eabi/9.3.1/thumb/v7e-m+fp/hard\libgcc.a(_arm_cmpdf2.o)
                              CMakeFiles/lvgl.elf.dir/Core/Src/main.c.obj (__aeabi_dcmpeq)
d:/clion/gcc-arm/bin/../lib/gcc/arm-none-eabi/9.3.1/thumb/v7e-m+fp/hard\libgcc.a(_arm_fixdfsi.o)
                              CMakeFiles/lvgl.elf.dir/Core/User/my_lib/my_lib.c.obj (__aeabi_d2iz)
d:/clion/gcc-arm/bin/../lib/gcc/arm-none-eabi/9.3.1/thumb/v7e-m+fp/hard\libgcc.a(_arm_fixunsdfsi.o)
                              CMakeFiles/lvgl.elf.dir/Core/Src/main.c.obj (__aeabi_d2uiz)
d:/clion/gcc-arm/bin/../lib/gcc/arm-none-eabi/9.3.1/thumb/v7e-m+fp/hard\libgcc.a(_arm_truncdfsf2.o)
                              CMakeFiles/lvgl.elf.dir/Core/Src/main.c.obj (__aeabi_d2f)
d:/clion/gcc-arm/bin/../lib/gcc/arm-none-eabi/9.3.1/thumb/v7e-m+fp/hard\libgcc.a(_aeabi_uldivmod.o)
                              CMakeFiles/lvgl.elf.dir/Drivers/STM32H7xx_HAL_Driver/Src/stm32h7xx_hal_uart.c.obj (__aeabi_uldivmod)
d:/clion/gcc-arm/bin/../lib/gcc/arm-none-eabi/9.3.1/thumb/v7e-m+fp/hard\libgcc.a(_udivmoddi4.o)
                              d:/clion/gcc-arm/bin/../lib/gcc/arm-none-eabi/9.3.1/thumb/v7e-m+fp/hard\libgcc.a(_aeabi_uldivmod.o) (__udivmoddi4)
d:/clion/gcc-arm/bin/../lib/gcc/arm-none-eabi/9.3.1/thumb/v7e-m+fp/hard\libgcc.a(_dvmd_tls.o)
                              d:/clion/gcc-arm/bin/../lib/gcc/arm-none-eabi/9.3.1/thumb/v7e-m+fp/hard\libgcc.a(_aeabi_uldivmod.o) (__aeabi_ldiv0)
d:/clion/gcc-arm/bin/../lib/gcc/arm-none-eabi/9.3.1/../../../../arm-none-eabi/lib/thumb/v7e-m+fp/hard\libg.a(lib_a-errno.o)
                              CMakeFiles/lvgl.elf.dir/Core/Src/syscalls.c.obj (__errno)
d:/clion/gcc-arm/bin/../lib/gcc/arm-none-eabi/9.3.1/../../../../arm-none-eabi/lib/thumb/v7e-m+fp/hard\libg.a(lib_a-exit.o)
                              d:/clion/gcc-arm/bin/../lib/gcc/arm-none-eabi/9.3.1/../../../../arm-none-eabi/lib/thumb/v7e-m+fp/hard/crt0.o (exit)
d:/clion/gcc-arm/bin/../lib/gcc/arm-none-eabi/9.3.1/../../../../arm-none-eabi/lib/thumb/v7e-m+fp/hard\libg.a(lib_a-impure.o)
                              d:/clion/gcc-arm/bin/../lib/gcc/arm-none-eabi/9.3.1/../../../../arm-none-eabi/lib/thumb/v7e-m+fp/hard\libg.a(lib_a-exit.o) (_global_impure_ptr)
d:/clion/gcc-arm/bin/../lib/gcc/arm-none-eabi/9.3.1/../../../../arm-none-eabi/lib/thumb/v7e-m+fp/hard\libg.a(lib_a-init.o)
                              d:/clion/gcc-arm/bin/../lib/gcc/arm-none-eabi/9.3.1/../../../../arm-none-eabi/lib/thumb/v7e-m+fp/hard/crt0.o (__libc_init_array)
d:/clion/gcc-arm/bin/../lib/gcc/arm-none-eabi/9.3.1/../../../../arm-none-eabi/lib/thumb/v7e-m+fp/hard\libg.a(lib_a-memcmp.o)
                              CMakeFiles/lvgl.elf.dir/GUI/lvgl/src/font/lv_font_loader.c.obj (memcmp)
d:/clion/gcc-arm/bin/../lib/gcc/arm-none-eabi/9.3.1/../../../../arm-none-eabi/lib/thumb/v7e-m+fp/hard\libg.a(lib_a-memset.o)
                              d:/clion/gcc-arm/bin/../lib/gcc/arm-none-eabi/9.3.1/../../../../arm-none-eabi/lib/thumb/v7e-m+fp/hard/crt0.o (memset)
[...]
Memory Configuration

Name             Origin             Length             Attributes
FLASH            0x08000000         0x00200000         xr
DTCMRAM          0x20000000         0x00020000         xrw
RAM_D1           0x24000000         0x00080000         xrw
RAM_D2           0x30000000         0x00048000         xrw
RAM_D3           0x38000000         0x00010000         xrw
ITCMRAM          0x00000000         0x00010000         xrw
MALLOC           0xc0000000         0x04000000         xrw
SDRAM_D1         0xc04bb800         0x000bb800         xrw
SDRAM_D2         0xc0577000         0x000bb800         xrw
*default*        0x00000000         0xffffffff

Linker script and memory map

LOAD d:/clion/gcc-arm/bin/../lib/gcc/arm-none-eabi/9.3.1/thumb/v7e-m+fp/hard/crti.o
LOAD d:/clion/gcc-arm/bin/../lib/gcc/arm-none-eabi/9.3.1/thumb/v7e-m+fp/hard/crtbegin.o
LOAD d:/clion/gcc-arm/bin/../lib/gcc/arm-none-eabi/9.3.1/../../../../arm-none-eabi/lib/thumb/v7e-m+fp/hard/crt0.o
LOAD CMakeFiles/lvgl.elf.dir/Core/Src/adc.c.obj
LOAD CMakeFiles/lvgl.elf.dir/Core/Src/dma.c.obj
LOAD CMakeFiles/lvgl.elf.dir/Core/Src/dma2d.c.obj
LOAD CMakeFiles/lvgl.elf.dir/Core/Src/fmc.c.obj
LOAD CMakeFiles/lvgl.elf.dir/Core/Src/gpio.c.obj
LOAD CMakeFiles/lvgl.elf.dir/Core/Src/ltdc.c.obj
LOAD CMakeFiles/lvgl.elf.dir/Core/Src/main.c.obj
LOAD CMakeFiles/lvgl.elf.dir/Core/Src/spi.c.obj
LOAD CMakeFiles/lvgl.elf.dir/Core/Src/stm32h7xx_hal_msp.c.obj
LOAD CMakeFiles/lvgl.elf.dir/Core/Src/stm32h7xx_it.c.obj
LOAD CMakeFiles/lvgl.elf.dir/Core/Src/syscalls.c.obj
LOAD CMakeFiles/lvgl.elf.dir/Core/Src/sysmem.c.obj
LOAD CMakeFiles/lvgl.elf.dir/Core/Src/system_stm32h7xx.c.obj
LOAD CMakeFiles/lvgl.elf.dir/Core/Src/tim.c.obj
LOAD CMakeFiles/lvgl.elf.dir/Core/Src/usart.c.obj
LOAD CMakeFiles/lvgl.elf.dir/Core/Startup/startup_stm32h743iitx.s.obj
LOAD CMakeFiles/lvgl.elf.dir/Core/User/24CXX/24cxx.c.obj
LOAD CMakeFiles/lvgl.elf.dir/Core/User/AD9959/ad9959.c.obj
LOAD CMakeFiles/lvgl.elf.dir/Core/User/Delay/delay.c.obj
LOAD CMakeFiles/lvgl.elf.dir/Core/User/IIC/myiic.c.obj
LOAD CMakeFiles/lvgl.elf.dir/Core/User/LTDC/lcd_rgb_ltdc_drv.c.obj
LOAD CMakeFiles/lvgl.elf.dir/Core/User/PID/pid.c.obj
LOAD CMakeFiles/lvgl.elf.dir/Core/User/RETARGET/retarget.c.obj
LOAD CMakeFiles/lvgl.elf.dir/Core/User/TOUCH/ctiic.c.obj
LOAD CMakeFiles/lvgl.elf.dir/Core/User/TOUCH/ft5206.c.obj
LOAD CMakeFiles/lvgl.elf.dir/Core/User/TOUCH/gt9147.c.obj
LOAD CMakeFiles/lvgl.elf.dir/Core/User/TOUCH/gt9271.c.obj
LOAD CMakeFiles/lvgl.elf.dir/Core/User/TOUCH/ott2001a.c.obj
LOAD CMakeFiles/lvgl.elf.dir/Core/User/TOUCH/touch.c.obj
LOAD CMakeFiles/lvgl.elf.dir/Core/User/my_lib/my_lib.c.obj
LOAD CMakeFiles/lvgl.elf.dir/Drivers/STM32H7xx_HAL_Driver/Src/stm32h7xx_hal.c.obj
LOAD CMakeFiles/lvgl.elf.dir/Drivers/STM32H7xx_HAL_Driver/Src/stm32h7xx_hal_adc.c.obj
LOAD CMakeFiles/lvgl.elf.dir/Drivers/STM32H7xx_HAL_Driver/Src/stm32h7xx_hal_adc_ex.c.obj
LOAD CMakeFiles/lvgl.elf.dir/Drivers/STM32H7xx_HAL_Driver/Src/stm32h7xx_hal_cortex.c.obj
LOAD CMakeFiles/lvgl.elf.dir/Drivers/STM32H7xx_HAL_Driver/Src/stm32h7xx_hal_dma.c.obj
LOAD CMakeFiles/lvgl.elf.dir/Drivers/STM32H7xx_HAL_Driver/Src/stm32h7xx_hal_dma2d.c.obj
LOAD CMakeFiles/lvgl.elf.dir/Drivers/STM32H7xx_HAL_Driver/Src/stm32h7xx_hal_dma_ex.c.obj
LOAD CMakeFiles/lvgl.elf.dir/Drivers/STM32H7xx_HAL_Driver/Src/stm32h7xx_hal_exti.c.obj
LOAD CMakeFiles/lvgl.elf.dir/Drivers/STM32H7xx_HAL_Driver/Src/stm32h7xx_hal_flash.c.obj
LOAD CMakeFiles/lvgl.elf.dir/Drivers/STM32H7xx_HAL_Driver/Src/stm32h7xx_hal_flash_ex.c.obj
LOAD CMakeFiles/lvgl.elf.dir/Drivers/STM32H7xx_HAL_Driver/Src/stm32h7xx_hal_gpio.c.obj
LOAD CMakeFiles/lvgl.elf.dir/Drivers/STM32H7xx_HAL_Driver/Src/stm32h7xx_hal_hsem.c.obj
LOAD CMakeFiles/lvgl.elf.dir/Drivers/STM32H7xx_HAL_Driver/Src/stm32h7xx_hal_i2c.c.obj
LOAD CMakeFiles/lvgl.elf.dir/Drivers/STM32H7xx_HAL_Driver/Src/stm32h7xx_hal_i2c_ex.c.obj
LOAD CMakeFiles/lvgl.elf.dir/Drivers/STM32H7xx_HAL_Driver/Src/stm32h7xx_hal_ltdc.c.obj
LOAD CMakeFiles/lvgl.elf.dir/Drivers/STM32H7xx_HAL_Driver/Src/stm32h7xx_hal_ltdc_ex.c.obj
LOAD CMakeFiles/lvgl.elf.dir/Drivers/STM32H7xx_HAL_Driver/Src/stm32h7xx_hal_mdma.c.obj
LOAD CMakeFiles/lvgl.elf.dir/Drivers/STM32H7xx_HAL_Driver/Src/stm32h7xx_hal_pwr.c.obj
LOAD CMakeFiles/lvgl.elf.dir/Drivers/STM32H7xx_HAL_Driver/Src/stm32h7xx_hal_pwr_ex.c.obj
LOAD CMakeFiles/lvgl.elf.dir/Drivers/STM32H7xx_HAL_Driver/Src/stm32h7xx_hal_rcc.c.obj
LOAD CMakeFiles/lvgl.elf.dir/Drivers/STM32H7xx_HAL_Driver/Src/stm32h7xx_hal_rcc_ex.c.obj
LOAD CMakeFiles/lvgl.elf.dir/Drivers/STM32H7xx_HAL_Driver/Src/stm32h7xx_hal_sdram.c.obj
LOAD CMakeFiles/lvgl.elf.dir/Drivers/STM32H7xx_HAL_Driver/Src/stm32h7xx_hal_spi.c.obj
LOAD CMakeFiles/lvgl.elf.dir/Drivers/STM32H7xx_HAL_Driver/Src/stm32h7xx_hal_spi_ex.c.obj
LOAD CMakeFiles/lvgl.elf.dir/Drivers/STM32H7xx_HAL_Driver/Src/stm32h7xx_hal_tim.c.obj
LOAD CMakeFiles/lvgl.elf.dir/Drivers/STM32H7xx_HAL_Driver/Src/stm32h7xx_hal_tim_ex.c.obj
LOAD CMakeFiles/lvgl.elf.dir/Drivers/STM32H7xx_HAL_Driver/Src/stm32h7xx_hal_uart.c.obj
LOAD CMakeFiles/lvgl.elf.dir/Drivers/STM32H7xx_HAL_Driver/Src/stm32h7xx_hal_uart_ex.c.obj
LOAD CMakeFiles/lvgl.elf.dir/Drivers/STM32H7xx_HAL_Driver/Src/stm32h7xx_ll_fmc.c.obj
LOAD CMakeFiles/lvgl.elf.dir/GUI/lvgl/src/core/lv_disp.c.obj
LOAD CMakeFiles/lvgl.elf.dir/GUI/lvgl/src/core/lv_event.c.obj
LOAD CMakeFiles/lvgl.elf.dir/GUI/lvgl/src/core/lv_group.c.obj
LOAD CMakeFiles/lvgl.elf.dir/GUI/lvgl/src/core/lv_indev.c.obj
LOAD CMakeFiles/lvgl.elf.dir/GUI/lvgl/src/core/lv_indev_scroll.c.obj
LOAD CMakeFiles/lvgl.elf.dir/GUI/lvgl/src/core/lv_obj.c.obj
LOAD CMakeFiles/lvgl.elf.dir/GUI/lvgl/src/core/lv_obj_class.c.obj
LOAD CMakeFiles/lvgl.elf.dir/GUI/lvgl/src/core/lv_obj_draw.c.obj
LOAD CMakeFiles/lvgl.elf.dir/GUI/lvgl/src/core/lv_obj_pos.c.obj
LOAD CMakeFiles/lvgl.elf.dir/GUI/lvgl/src/core/lv_obj_scroll.c.obj
LOAD CMakeFiles/lvgl.elf.dir/GUI/lvgl/src/core/lv_obj_style.c.obj
LOAD CMakeFiles/lvgl.elf.dir/GUI/lvgl/src/core/lv_obj_style_gen.c.obj
LOAD CMakeFiles/lvgl.elf.dir/GUI/lvgl/src/core/lv_obj_tree.c.obj
LOAD CMakeFiles/lvgl.elf.dir/GUI/lvgl/src/core/lv_refr.c.obj
LOAD CMakeFiles/lvgl.elf.dir/GUI/lvgl/src/core/lv_theme.c.obj
LOAD CMakeFiles/lvgl.elf.dir/GUI/lvgl/src/draw/lv_draw_arc.c.obj
LOAD CMakeFiles/lvgl.elf.dir/GUI/lvgl/src/draw/lv_draw_blend.c.obj
LOAD CMakeFiles/lvgl.elf.dir/GUI/lvgl/src/draw/lv_draw_img.c.obj
LOAD CMakeFiles/lvgl.elf.dir/GUI/lvgl/src/draw/lv_draw_label.c.obj
LOAD CMakeFiles/lvgl.elf.dir/GUI/lvgl/src/draw/lv_draw_line.c.obj
LOAD CMakeFiles/lvgl.elf.dir/GUI/lvgl/src/draw/lv_draw_mask.c.obj
LOAD CMakeFiles/lvgl.elf.dir/GUI/lvgl/src/draw/lv_draw_rect.c.obj
LOAD CMakeFiles/lvgl.elf.dir/GUI/lvgl/src/draw/lv_draw_triangle.c.obj
LOAD CMakeFiles/lvgl.elf.dir/GUI/lvgl/src/draw/lv_img_buf.c.obj
LOAD CMakeFiles/lvgl.elf.dir/GUI/lvgl/src/draw/lv_img_cache.c.obj
LOAD CMakeFiles/lvgl.elf.dir/GUI/lvgl/src/draw/lv_img_decoder.c.obj
LOAD CMakeFiles/lvgl.elf.dir/GUI/lvgl/src/extra/layouts/flex/lv_flex.c.obj
LOAD CMakeFiles/lvgl.elf.dir/GUI/lvgl/src/extra/layouts/grid/lv_grid.c.obj
LOAD CMakeFiles/lvgl.elf.dir/GUI/lvgl/src/extra/lv_extra.c.obj
LOAD CMakeFiles/lvgl.elf.dir/GUI/lvgl/src/extra/themes/basic/lv_theme_basic.c.obj
LOAD CMakeFiles/lvgl.elf.dir/GUI/lvgl/src/extra/themes/default/lv_theme_default.c.obj
LOAD CMakeFiles/lvgl.elf.dir/GUI/lvgl/src/extra/themes/mono/lv_theme_mono.c.obj
LOAD CMakeFiles/lvgl.elf.dir/GUI/lvgl/src/extra/widgets/animimg/lv_animimg.c.obj
LOAD CMakeFiles/lvgl.elf.dir/GUI/lvgl/src/extra/widgets/calendar/lv_calendar.c.obj
LOAD CMakeFiles/lvgl.elf.dir/GUI/lvgl/src/extra/widgets/calendar/lv_calendar_header_arrow.c.obj
LOAD CMakeFiles/lvgl.elf.dir/GUI/lvgl/src/extra/widgets/calendar/lv_calendar_header_dropdown.c.obj
LOAD CMakeFiles/lvgl.elf.dir/GUI/lvgl/src/extra/widgets/chart/lv_chart.c.obj
LOAD CMakeFiles/lvgl.elf.dir/GUI/lvgl/src/extra/widgets/colorwheel/lv_colorwheel.c.obj
LOAD CMakeFiles/lvgl.elf.dir/GUI/lvgl/src/extra/widgets/imgbtn/lv_imgbtn.c.obj
LOAD CMakeFiles/lvgl.elf.dir/GUI/lvgl/src/extra/widgets/keyboard/lv_keyboard.c.obj
LOAD CMakeFiles/lvgl.elf.dir/GUI/lvgl/src/extra/widgets/led/lv_led.c.obj
LOAD CMakeFiles/lvgl.elf.dir/GUI/lvgl/src/extra/widgets/list/lv_list.c.obj
LOAD CMakeFiles/lvgl.elf.dir/GUI/lvgl/src/extra/widgets/meter/lv_meter.c.obj
LOAD CMakeFiles/lvgl.elf.dir/GUI/lvgl/src/extra/widgets/msgbox/lv_msgbox.c.obj
LOAD CMakeFiles/lvgl.elf.dir/GUI/lvgl/src/extra/widgets/span/lv_span.c.obj
LOAD CMakeFiles/lvgl.elf.dir/GUI/lvgl/src/extra/widgets/spinbox/lv_spinbox.c.obj
LOAD CMakeFiles/lvgl.elf.dir/GUI/lvgl/src/extra/widgets/spinner/lv_spinner.c.obj
LOAD CMakeFiles/lvgl.elf.dir/GUI/lvgl/src/extra/widgets/tabview/lv_tabview.c.obj
LOAD CMakeFiles/lvgl.elf.dir/GUI/lvgl/src/extra/widgets/tileview/lv_tileview.c.obj
LOAD CMakeFiles/lvgl.elf.dir/GUI/lvgl/src/extra/widgets/win/lv_win.c.obj
LOAD CMakeFiles/lvgl.elf.dir/GUI/lvgl/src/font/lv_font.c.obj
LOAD CMakeFiles/lvgl.elf.dir/GUI/lvgl/src/font/lv_font_dejavu_16_persian_hebrew.c.obj
LOAD CMakeFiles/lvgl.elf.dir/GUI/lvgl/src/font/lv_font_fmt_txt.c.obj
LOAD CMakeFiles/lvgl.elf.dir/GUI/lvgl/src/font/lv_font_loader.c.obj
LOAD CMakeFiles/lvgl.elf.dir/GUI/lvgl/src/font/lv_font_montserrat_10.c.obj
LOAD CMakeFiles/lvgl.elf.dir/GUI/lvgl/src/font/lv_font_montserrat_12.c.obj
LOAD CMakeFiles/lvgl.elf.dir/GUI/lvgl/src/font/lv_font_montserrat_12_subpx.c.obj
LOAD CMakeFiles/lvgl.elf.dir/GUI/lvgl/src/font/lv_font_montserrat_14.c.obj
LOAD CMakeFiles/lvgl.elf.dir/GUI/lvgl/src/font/lv_font_montserrat_16.c.obj
LOAD CMakeFiles/lvgl.elf.dir/GUI/lvgl/src/font/lv_font_montserrat_18.c.obj
LOAD CMakeFiles/lvgl.elf.dir/GUI/lvgl/src/font/lv_font_montserrat_20.c.obj
LOAD CMakeFiles/lvgl.elf.dir/GUI/lvgl/src/font/lv_font_montserrat_22.c.obj
LOAD CMakeFiles/lvgl.elf.dir/GUI/lvgl/src/font/lv_font_montserrat_24.c.obj
LOAD CMakeFiles/lvgl.elf.dir/GUI/lvgl/src/font/lv_font_montserrat_26.c.obj
LOAD CMakeFiles/lvgl.elf.dir/GUI/lvgl/src/font/lv_font_montserrat_28.c.obj
LOAD CMakeFiles/lvgl.elf.dir/GUI/lvgl/src/font/lv_font_montserrat_28_compressed.c.obj
LOAD CMakeFiles/lvgl.elf.dir/GUI/lvgl/src/font/lv_font_montserrat_30.c.obj
LOAD CMakeFiles/lvgl.elf.dir/GUI/lvgl/src/font/lv_font_montserrat_32.c.obj
LOAD CMakeFiles/lvgl.elf.dir/GUI/lvgl/src/font/lv_font_montserrat_34.c.obj
LOAD CMakeFiles/lvgl.elf.dir/GUI/lvgl/src/font/lv_font_montserrat_36.c.obj
LOAD CMakeFiles/lvgl.elf.dir/GUI/lvgl/src/font/lv_font_montserrat_38.c.obj
LOAD CMakeFiles/lvgl.elf.dir/GUI/lvgl/src/font/lv_font_montserrat_40.c.obj
LOAD CMakeFiles/lvgl.elf.dir/GUI/lvgl/src/font/lv_font_montserrat_42.c.obj
LOAD CMakeFiles/lvgl.elf.dir/GUI/lvgl/src/font/lv_font_montserrat_44.c.obj
LOAD CMakeFiles/lvgl.elf.dir/GUI/lvgl/src/font/lv_font_montserrat_46.c.obj
LOAD CMakeFiles/lvgl.elf.dir/GUI/lvgl/src/font/lv_font_montserrat_48.c.obj
LOAD CMakeFiles/lvgl.elf.dir/GUI/lvgl/src/font/lv_font_montserrat_8.c.obj
LOAD CMakeFiles/lvgl.elf.dir/GUI/lvgl/src/font/lv_font_simsun_16_cjk.c.obj
LOAD CMakeFiles/lvgl.elf.dir/GUI/lvgl/src/font/lv_font_unscii_16.c.obj
LOAD CMakeFiles/lvgl.elf.dir/GUI/lvgl/src/font/lv_font_unscii_8.c.obj
LOAD CMakeFiles/lvgl.elf.dir/GUI/lvgl/src/gpu/lv_gpu_nxp_pxp.c.obj
LOAD CMakeFiles/lvgl.elf.dir/GUI/lvgl/src/gpu/lv_gpu_nxp_pxp_osa.c.obj
LOAD CMakeFiles/lvgl.elf.dir/GUI/lvgl/src/gpu/lv_gpu_nxp_vglite.c.obj
LOAD CMakeFiles/lvgl.elf.dir/GUI/lvgl/src/gpu/lv_gpu_stm32_dma2d.c.obj
LOAD CMakeFiles/lvgl.elf.dir/GUI/lvgl/src/hal/lv_hal_disp.c.obj
LOAD CMakeFiles/lvgl.elf.dir/GUI/lvgl/src/hal/lv_hal_indev.c.obj
LOAD CMakeFiles/lvgl.elf.dir/GUI/lvgl/src/hal/lv_hal_tick.c.obj
LOAD CMakeFiles/lvgl.elf.dir/GUI/lvgl/src/misc/lv_anim.c.obj
LOAD CMakeFiles/lvgl.elf.dir/GUI/lvgl/src/misc/lv_area.c.obj
LOAD CMakeFiles/lvgl.elf.dir/GUI/lvgl/src/misc/lv_async.c.obj
LOAD CMakeFiles/lvgl.elf.dir/GUI/lvgl/src/misc/lv_bidi.c.obj
LOAD CMakeFiles/lvgl.elf.dir/GUI/lvgl/src/misc/lv_color.c.obj
LOAD CMakeFiles/lvgl.elf.dir/GUI/lvgl/src/misc/lv_fs.c.obj
LOAD CMakeFiles/lvgl.elf.dir/GUI/lvgl/src/misc/lv_gc.c.obj
LOAD CMakeFiles/lvgl.elf.dir/GUI/lvgl/src/misc/lv_ll.c.obj
LOAD CMakeFiles/lvgl.elf.dir/GUI/lvgl/src/misc/lv_log.c.obj
LOAD CMakeFiles/lvgl.elf.dir/GUI/lvgl/src/misc/lv_math.c.obj
LOAD CMakeFiles/lvgl.elf.dir/GUI/lvgl/src/misc/lv_mem.c.obj
LOAD CMakeFiles/lvgl.elf.dir/GUI/lvgl/src/misc/lv_printf.c.obj
LOAD CMakeFiles/lvgl.elf.dir/GUI/lvgl/src/misc/lv_style.c.obj
LOAD CMakeFiles/lvgl.elf.dir/GUI/lvgl/src/misc/lv_style_gen.c.obj
LOAD CMakeFiles/lvgl.elf.dir/GUI/lvgl/src/misc/lv_templ.c.obj
LOAD CMakeFiles/lvgl.elf.dir/GUI/lvgl/src/misc/lv_timer.c.obj
LOAD CMakeFiles/lvgl.elf.dir/GUI/lvgl/src/misc/lv_tlsf.c.obj
LOAD CMakeFiles/lvgl.elf.dir/GUI/lvgl/src/misc/lv_txt.c.obj
LOAD CMakeFiles/lvgl.elf.dir/GUI/lvgl/src/misc/lv_txt_ap.c.obj
LOAD CMakeFiles/lvgl.elf.dir/GUI/lvgl/src/misc/lv_utils.c.obj
LOAD CMakeFiles/lvgl.elf.dir/GUI/lvgl/src/widgets/lv_arc.c.obj
LOAD CMakeFiles/lvgl.elf.dir/GUI/lvgl/src/widgets/lv_bar.c.obj
LOAD CMakeFiles/lvgl.elf.dir/GUI/lvgl/src/widgets/lv_btn.c.obj
LOAD CMakeFiles/lvgl.elf.dir/GUI/lvgl/src/widgets/lv_btnmatrix.c.obj
LOAD CMakeFiles/lvgl.elf.dir/GUI/lvgl/src/widgets/lv_canvas.c.obj
LOAD CMakeFiles/lvgl.elf.dir/GUI/lvgl/src/widgets/lv_checkbox.c.obj
LOAD CMakeFiles/lvgl.elf.dir/GUI/lvgl/src/widgets/lv_dropdown.c.obj
LOAD CMakeFiles/lvgl.elf.dir/GUI/lvgl/src/widgets/lv_img.c.obj
LOAD CMakeFiles/lvgl.elf.dir/GUI/lvgl/src/widgets/lv_label.c.obj
LOAD CMakeFiles/lvgl.elf.dir/GUI/lvgl/src/widgets/lv_line.c.obj
LOAD CMakeFiles/lvgl.elf.dir/GUI/lvgl/src/widgets/lv_objx_templ.c.obj
LOAD CMakeFiles/lvgl.elf.dir/GUI/lvgl/src/widgets/lv_roller.c.obj
LOAD CMakeFiles/lvgl.elf.dir/GUI/lvgl/src/widgets/lv_slider.c.obj
LOAD CMakeFiles/lvgl.elf.dir/GUI/lvgl/src/widgets/lv_switch.c.obj
LOAD CMakeFiles/lvgl.elf.dir/GUI/lvgl/src/widgets/lv_table.c.obj
LOAD CMakeFiles/lvgl.elf.dir/GUI/lvgl/src/widgets/lv_textarea.c.obj
LOAD CMakeFiles/lvgl.elf.dir/GUI/lvgl_driver/lv_port_disp.c.obj
LOAD CMakeFiles/lvgl.elf.dir/GUI/lvgl_driver/lv_port_indev.c.obj
LOAD CMakeFiles/lvgl.elf.dir/GUI_app/Demo2023H/events_init.c.obj
LOAD CMakeFiles/lvgl.elf.dir/GUI_app/Demo2023H/gui_guider.c.obj
LOAD CMakeFiles/lvgl.elf.dir/GUI_app/Demo2023H/lv_font_simsun_12.c.obj
LOAD CMakeFiles/lvgl.elf.dir/GUI_app/Demo2023H/lv_font_simsun_24.c.obj
LOAD CMakeFiles/lvgl.elf.dir/GUI_app/Demo2023H/setup_scr_screen.c.obj
LOAD ..\Middlewares\ST\ARM\DSP\Src\libarm_cortexM7lfsp_math.a
START GROUP
LOAD d:/clion/gcc-arm/bin/../lib/gcc/arm-none-eabi/9.3.1/thumb/v7e-m+fp/hard\libgcc.a
LOAD d:/clion/gcc-arm/bin/../lib/gcc/arm-none-eabi/9.3.1/../../../../arm-none-eabi/lib/thumb/v7e-m+fp/hard\libg.a
LOAD d:/clion/gcc-arm/bin/../lib/gcc/arm-none-eabi/9.3.1/../../../../arm-none-eabi/lib/thumb/v7e-m+fp/hard\libc.a
END GROUP
LOAD d:/clion/gcc-arm/bin/../lib/gcc/arm-none-eabi/9.3.1/thumb/v7e-m+fp/hard/crtend.o
LOAD d:/clion/gcc-arm/bin/../lib/gcc/arm-none-eabi/9.3.1/thumb/v7e-m+fp/hard/crtn.o
                0x24080000                _estack = (ORIGIN (RAM_D1) + LENGTH (RAM_D1))
                0x00002000                _Min_Heap_Size = 0x2000
                0x00002000                _Min_Stack_Size = 0x2000

.malloc         0xc0000000   0x1f4000
                0xc0000000                . = ALIGN (0x4)
                0xc01f4000                __MALLOC_SYMBOLS = .
 *(.malloc)
 .malloc        0xc0000000   0x1f4000 CMakeFiles/lvgl.elf.dir/Core/User/LTDC/lcd_rgb_ltdc_drv.c.obj
                0xc0000000                ltdc_lcd_framebuf
 *(.malloc*)
                0xc01f4000                __MALLOC_SYMBOLS = .
                0xc01f4000                . = ALIGN (0x4)

.sdram_d1       0xc04bb800        0x0
                0xc04bb800                . = ALIGN (0x4)
                0xc04bb800                __SDRAM_D1_SYMBOLS = .
 *(.sdram_d1)
 *(.sdram_d1*)
                0xc04bb800                __SDRAM_D1_SYMBOLS = .
                0xc04bb800                . = ALIGN (0x4)

.sdram_d2       0xc0577000        0x0
                0xc0577000                . = ALIGN (0x4)
                0xc0577000                __SDRAM_D2_SYMBOLS = .
 *(.sdram_d2)
 *(.sdram_d2*)
                0xc0577000                __SDRAM_D2_SYMBOLS = .
                0xc0577000                . = ALIGN (0x4)

.isr_vector     0x08000000      0x298
                0x08000000                . = ALIGN (0x4)
 *(.isr_vector)
 .isr_vector    0x08000000      0x298 CMakeFiles/lvgl.elf.dir/Core/Startup/startup_stm32h743iitx.s.obj
                0x08000000                g_pfnVectors
                0x08000298                . = ALIGN (0x4)

.text           0x080002c0    0x3cccc
                0x080002c0                . = ALIGN (0x4)
 *(.text)
 .text          0x080002c0       0x40 d:/clion/gcc-arm/bin/../lib/gcc/arm-none-eabi/9.3.1/thumb/v7e-m+fp/hard/crtbegin.o
 .text          0x08000300      0x378 d:/clion/gcc-arm/bin/../lib/gcc/arm-none-eabi/9.3.1/thumb/v7e-m+fp/hard\libgcc.a(_arm_addsubdf3.o)
                0x08000300                __aeabi_drsub
                0x08000308                __aeabi_dsub
                0x08000308                __subdf3
                0x0800030c                __aeabi_dadd
                0x0800030c                __adddf3
                0x08000584                __floatunsidf
                0x08000584                __aeabi_ui2d
                0x080005a4                __floatsidf
                0x080005a4                __aeabi_i2d
                0x080005c8                __aeabi_f2d
                0x080005c8                __extendsfdf2
                0x0800060c                __floatundidf
                0x0800060c                __aeabi_ul2d
                0x0800061c                __floatdidf
                0x0800061c                __aeabi_l2d
 .text          0x08000678      0x424 d:/clion/gcc-arm/bin/../lib/gcc/arm-none-eabi/9.3.1/thumb/v7e-m+fp/hard\libgcc.a(_arm_muldivdf3.o)
                0x08000678                __aeabi_dmul
                0x08000678                __muldf3
                0x080008cc                __divdf3
                0x080008cc                __aeabi_ddiv
 .text          0x08000a9c      0x110 d:/clion/gcc-arm/bin/../lib/gcc/arm-none-eabi/9.3.1/thumb/v7e-m+fp/hard\libgcc.a(_arm_cmpdf2.o)
                0x08000a9c                __gtdf2
                0x08000a9c                __gedf2
                0x08000aa4                __ltdf2
                0x08000aa4                __ledf2
                0x08000aac                __nedf2
                0x08000aac                __eqdf2
                0x08000aac                __cmpdf2
                0x08000b28                __aeabi_cdrcmple
                0x08000b38                __aeabi_cdcmpeq
                0x08000b38                __aeabi_cdcmple
                0x08000b48                __aeabi_dcmpeq
                0x08000b5c                __aeabi_dcmplt
                0x08000b70                __aeabi_dcmple
                0x08000b84                __aeabi_dcmpge
                0x08000b98                __aeabi_dcmpgt
 .text          0x08000bac       0x50 d:/clion/gcc-arm/bin/../lib/gcc/arm-none-eabi/9.3.1/thumb/v7e-m+fp/hard\libgcc.a(_arm_fixdfsi.o)
                0x08000bac                __aeabi_d2iz
                0x08000bac                __fixdfsi
 .text          0x08000bfc       0x40 d:/clion/gcc-arm/bin/../lib/gcc/arm-none-eabi/9.3.1/thumb/v7e-m+fp/hard\libgcc.a(_arm_fixunsdfsi.o)
                0x08000bfc                __aeabi_d2uiz
                0x08000bfc                __fixunsdfsi
 .text          0x08000c3c       0xa0 d:/clion/gcc-arm/bin/../lib/gcc/arm-none-eabi/9.3.1/thumb/v7e-m+fp/hard\libgcc.a(_arm_truncdfsf2.o)
                0x08000c3c                __truncdfsf2
                0x08000c3c                __aeabi_d2f
 .text          0x08000cdc       0x30 d:/clion/gcc-arm/bin/../lib/gcc/arm-none-eabi/9.3.1/thumb/v7e-m+fp/hard\libgcc.a(_aeabi_uldivmod.o)
                0x08000cdc                __aeabi_uldivmod
 .text          0x08000d0c      0x2c4 d:/clion/gcc-arm/bin/../lib/gcc/arm-none-eabi/9.3.1/thumb/v7e-m+fp/hard\libgcc.a(_udivmoddi4.o)
                0x08000d0c                __udivmoddi4
 .text          0x08000fd0        0x4 d:/clion/gcc-arm/bin/../lib/gcc/arm-none-eabi/9.3.1/thumb/v7e-m+fp/hard\libgcc.a(_dvmd_tls.o)
                0x08000fd0                __aeabi_idiv0
                0x08000fd0                __aeabi_ldiv0
 *fill*         0x08000fd4        0xc 
 .text          0x08000fe0      0x2dc d:/clion/gcc-arm/bin/../lib/gcc/arm-none-eabi/9.3.1/../../../../arm-none-eabi/lib/thumb/v7e-m+fp/hard\libg.a(lib_a-strcmp.o)
                0x08000fe8                strcmp
 *fill*         0x080012bc        0x4 
 .text          0x080012c0       0xdc d:/clion/gcc-arm/bin/../lib/gcc/arm-none-eabi/9.3.1/../../../../arm-none-eabi/lib/thumb/v7e-m+fp/hard\libg.a(lib_a-strlen.o)
                0x080012c0                strlen
 *fill*         0x0800139c        0x4 
 .text          0x080013a0       0xa0 d:/clion/gcc-arm/bin/../lib/gcc/arm-none-eabi/9.3.1/../../../../arm-none-eabi/lib/thumb/v7e-m+fp/hard\libg.a(lib_a-memchr.o)
                0x080013a0                memchr
 .text          0x08001440      0x134 d:/clion/gcc-arm/bin/../lib/gcc/arm-none-eabi/9.3.1/../../../../arm-none-eabi/lib/thumb/v7e-m+fp/hard\libg.a(lib_a-memcpy.o)
                0x08001440                memcpy
 .text          0x08001574       0x2c d:/clion/gcc-arm/bin/../lib/gcc/arm-none-eabi/9.3.1/thumb/v7e-m+fp/hard\libgcc.a(_arm_unorddf2.o)
                0x08001574                __unorddf2
                0x08001574                __aeabi_dcmpun
 *(.text*)
 .text.MX_ADC1_Init
                0x080015a0       0xc0 CMakeFiles/lvgl.elf.dir/Core/Src/adc.c.obj
                0x080015a0                MX_ADC1_Init
 .text.MX_ADC2_Init
                0x08001660       0x90 CMakeFiles/lvgl.elf.dir/Core/Src/adc.c.obj
                0x08001660                MX_ADC2_Init
 .text.HAL_ADC_MspInit
                0x080016f0      0x14c CMakeFiles/lvgl.elf.dir/Core/Src/adc.c.obj
                0x080016f0                HAL_ADC_MspInit
 .text.MX_DMA_Init
                0x0800183c       0x58 CMakeFiles/lvgl.elf.dir/Core/Src/dma.c.obj
                0x0800183c                MX_DMA_Init
 .text.MX_DMA2D_Init
                0x08001894       0x2c CMakeFiles/lvgl.elf.dir/Core/Src/dma2d.c.obj
                0x08001894                MX_DMA2D_Init
 .text.HAL_DMA2D_MspInit
                0x080018c0       0x34 CMakeFiles/lvgl.elf.dir/Core/Src/dma2d.c.obj
                0x080018c0                HAL_DMA2D_MspInit
 .text.HAL_FMC_MspInit
                0x080018f4       0xec CMakeFiles/lvgl.elf.dir/Core/Src/fmc.c.obj
 .text.SDRAM_Send_Cmd
                0x080019e0       0x34 CMakeFiles/lvgl.elf.dir/Core/Src/fmc.c.obj
                0x080019e0                SDRAM_Send_Cmd
 .text.SDRAM_Initialization_Sequence
                0x08001a14       0x4c CMakeFiles/lvgl.elf.dir/Core/Src/fmc.c.obj
                0x08001a14                SDRAM_Initialization_Sequence
 .text.MX_FMC_Init
                0x08001a60       0x6c CMakeFiles/lvgl.elf.dir/Core/Src/fmc.c.obj
                0x08001a60                MX_FMC_Init
 .text.HAL_SDRAM_MspInit
                0x08001acc        0x8 CMakeFiles/lvgl.elf.dir/Core/Src/fmc.c.obj
                0x08001acc                HAL_SDRAM_MspInit
 .text.MX_GPIO_Init
                0x08001ad4      0x218 CMakeFiles/lvgl.elf.dir/Core/Src/gpio.c.obj
                0x08001ad4                MX_GPIO_Init
 .text.MX_LTDC_Init
                0x08001cec       0xb4 CMakeFiles/lvgl.elf.dir/Core/Src/ltdc.c.obj
                0x08001cec                MX_LTDC_Init
 .text.HAL_LTDC_MspInit
                0x08001da0      0x150 CMakeFiles/lvgl.elf.dir/Core/Src/ltdc.c.obj
                0x08001da0                HAL_LTDC_MspInit
 .text.ADC_Start
                0x08001ef0       0xf8 CMakeFiles/lvgl.elf.dir/Core/Src/main.c.obj
                0x08001ef0                ADC_Start
 .text.Get_Amp  0x08001fe8       0x9c CMakeFiles/lvgl.elf.dir/Core/Src/main.c.obj
                0x08001fe8                Get_Amp
 *fill*         0x08002084        0x4 
 .text.Judge_wave
                0x08002088       0xc8 CMakeFiles/lvgl.elf.dir/Core/Src/main.c.obj
                0x08002088                Judge_wave
 .text.Get_fre  0x08002150      0x390 CMakeFiles/lvgl.elf.dir/Core/Src/main.c.obj
                0x08002150                Get_fre
 .text.FFT1     0x080024e0      0x130 CMakeFiles/lvgl.elf.dir/Core/Src/main.c.obj
                0x080024e0                FFT1
 .text.FFT2     0x08002610      0x3b0 CMakeFiles/lvgl.elf.dir/Core/Src/main.c.obj
                0x08002610                FFT2
 .text.FFT3     0x080029c0      0x3d4 CMakeFiles/lvgl.elf.dir/Core/Src/main.c.obj
                0x080029c0                FFT3
 .text.SPI_1    0x08002d94       0x94 CMakeFiles/lvgl.elf.dir/Core/Src/main.c.obj
                0x08002d94                SPI_1
 .text.SPI_2    0x08002e28       0x4c CMakeFiles/lvgl.elf.dir/Core/Src/main.c.obj
                0x08002e28                SPI_2
 .text.show_data
                0x08002e74       0xbc CMakeFiles/lvgl.elf.dir/Core/Src/main.c.obj
                0x08002e74                show_data
 .text.Error_Handler
                0x08002f30        0x4 CMakeFiles/lvgl.elf.dir/Core/Src/main.c.obj
                0x08002f30                Error_Handler
 .text.SystemClock_Config
                0x08002f34       0xd4 CMakeFiles/lvgl.elf.dir/Core/Src/main.c.obj
                0x08002f34                SystemClock_Config
 .text.PeriphCommonClock_Config
                0x08003008       0x48 CMakeFiles/lvgl.elf.dir/Core/Src/main.c.obj
                0x08003008                PeriphCommonClock_Config
 .text.main     0x08003050      0x500 CMakeFiles/lvgl.elf.dir/Core/Src/main.c.obj
                0x08003050                main
 .text.MX_SPI2_Init
                0x08003550       0x60 CMakeFiles/lvgl.elf.dir/Core/Src/spi.c.obj
                0x08003550                MX_SPI2_Init
 .text.HAL_SPI_MspInit
                0x080035b0      0x110 CMakeFiles/lvgl.elf.dir/Core/Src/spi.c.obj
                0x080035b0                HAL_SPI_MspInit
 .text.HAL_MspInit
                0x080036c0       0x24 CMakeFiles/lvgl.elf.dir/Core/Src/stm32h7xx_hal_msp.c.obj
                0x080036c0                HAL_MspInit
 .text.NMI_Handler
                0x080036e4        0x2 CMakeFiles/lvgl.elf.dir/Core/Src/stm32h7xx_it.c.obj
                0x080036e4                NMI_Handler
 .text.HardFault_Handler
                0x080036e6        0x2 CMakeFiles/lvgl.elf.dir/Core/Src/stm32h7xx_it.c.obj
                0x080036e6                HardFault_Handler
 .text.MemManage_Handler
                0x080036e8        0x2 CMakeFiles/lvgl.elf.dir/Core/Src/stm32h7xx_it.c.obj
                0x080036e8                MemManage_Handler
 .text.BusFault_Handler
                0x080036ea        0x2 CMakeFiles/lvgl.elf.dir/Core/Src/stm32h7xx_it.c.obj
                0x080036ea                BusFault_Handler
 .text.UsageFault_Handler
                0x080036ec        0x2 CMakeFiles/lvgl.elf.dir/Core/Src/stm32h7xx_it.c.obj
                0x080036ec                UsageFault_Handler
 .text.SVC_Handler
                0x080036ee        0x2 CMakeFiles/lvgl.elf.dir/Core/Src/stm32h7xx_it.c.obj
                0x080036ee                SVC_Handler
 .text.DebugMon_Handler
                0x080036f0        0x2 CMakeFiles/lvgl.elf.dir/Core/Src/stm32h7xx_it.c.obj
                0x080036f0                DebugMon_Handler
 .text.PendSV_Handler
                0x080036f2        0x2 CMakeFiles/lvgl.elf.dir/Core/Src/stm32h7xx_it.c.obj
                0x080036f2                PendSV_Handler
 .text.SysTick_Handler
                0x080036f4        0x8 CMakeFiles/lvgl.elf.dir/Core/Src/stm32h7xx_it.c.obj
                0x080036f4                SysTick_Handler
 .text.DMA1_Stream0_IRQHandler
                0x080036fc       0x10 CMakeFiles/lvgl.elf.dir/Core/Src/stm32h7xx_it.c.obj
                0x080036fc                DMA1_Stream0_IRQHandler
 .text.DMA1_Stream3_IRQHandler
                0x0800370c       0x10 CMakeFiles/lvgl.elf.dir/Core/Src/stm32h7xx_it.c.obj
                0x0800370c                DMA1_Stream3_IRQHandler
 .text.DMA1_Stream4_IRQHandler
                0x0800371c       0x10 CMakeFiles/lvgl.elf.dir/Core/Src/stm32h7xx_it.c.obj
                0x0800371c                DMA1_Stream4_IRQHandler
 .text.ADC_IRQHandler
                0x0800372c       0x2c CMakeFiles/lvgl.elf.dir/Core/Src/stm32h7xx_it.c.obj
                0x0800372c                ADC_IRQHandler
 .text.TIM2_IRQHandler
                0x08003758       0x10 CMakeFiles/lvgl.elf.dir/Core/Src/stm32h7xx_it.c.obj
                0x08003758                TIM2_IRQHandler
 .text.SPI2_IRQHandler
                0x08003768       0x18 CMakeFiles/lvgl.elf.dir/Core/Src/stm32h7xx_it.c.obj
                0x08003768                SPI2_IRQHandler
 .text._getpid  0x08003780        0x4 CMakeFiles/lvgl.elf.dir/Core/Src/syscalls.c.obj
                0x08003780                _getpid
 .text._kill    0x08003784       0x10 CMakeFiles/lvgl.elf.dir/Core/Src/syscalls.c.obj
                0x08003784                _kill
 .text._exit    0x08003794        0xc CMakeFiles/lvgl.elf.dir/Core/Src/syscalls.c.obj
                0x08003794                _exit
 .text._sbrk    0x080037a0       0x48 CMakeFiles/lvgl.elf.dir/Core/Src/sysmem.c.obj
                0x080037a0                _sbrk
 .text.SystemInit
                0x080037e8       0xcc CMakeFiles/lvgl.elf.dir/Core/Src/system_stm32h7xx.c.obj
                0x080037e8                SystemInit
 .text.MX_TIM2_Init
                0x080038b4       0x70 CMakeFiles/lvgl.elf.dir/Core/Src/tim.c.obj
                0x080038b4                MX_TIM2_Init
 .text.MX_TIM5_Init
                0x08003924       0x74 CMakeFiles/lvgl.elf.dir/Core/Src/tim.c.obj
                0x08003924                MX_TIM5_Init
 .text.MX_TIM6_Init
                0x08003998       0x54 CMakeFiles/lvgl.elf.dir/Core/Src/tim.c.obj
                0x08003998                MX_TIM6_Init
 .text.MX_TIM7_Init
                0x080039ec       0x54 CMakeFiles/lvgl.elf.dir/Core/Src/tim.c.obj
                0x080039ec                MX_TIM7_Init
 .text.HAL_TIM_Base_MspInit
                0x08003a40       0xb4 CMakeFiles/lvgl.elf.dir/Core/Src/tim.c.obj
                0x08003a40                HAL_TIM_Base_MspInit
 .text.HAL_TIM_PeriodElapsedCallback
                0x08003af4       0x18 CMakeFiles/lvgl.elf.dir/Core/Src/tim.c.obj
                0x08003af4                HAL_TIM_PeriodElapsedCallback
 .text.MX_USART1_UART_Init
                0x08003b0c       0x68 CMakeFiles/lvgl.elf.dir/Core/Src/usart.c.obj
                0x08003b0c                MX_USART1_UART_Init
 .text.HAL_UART_MspInit
                0x08003b74       0x98 CMakeFiles/lvgl.elf.dir/Core/Src/usart.c.obj
                0x08003b74                HAL_UART_MspInit
 .text.Reset_Handler
                0x08003c0c       0x50 CMakeFiles/lvgl.elf.dir/Core/Startup/startup_stm32h743iitx.s.obj
                0x08003c0c                Reset_Handler
 .text.Default_Handler
                0x08003c5c        0x2 CMakeFiles/lvgl.elf.dir/Core/Startup/startup_stm32h743iitx.s.obj
                0x08003c5c                RTC_Alarm_IRQHandler
                0x08003c5c                EXTI2_IRQHandler
                0x08003c5c                TIM8_CC_IRQHandler
                0x08003c5c                HRTIM1_Master_IRQHandler
                0x08003c5c                UART8_IRQHandler
                0x08003c5c                SPI4_IRQHandler
                0x08003c5c                TIM1_CC_IRQHandler
                0x08003c5c                BDMA_Channel6_IRQHandler
                0x08003c5c                DMA2_Stream5_IRQHandler
                0x08003c5c                HRTIM1_FLT_IRQHandler
                0x08003c5c                JPEG_IRQHandler
                0x08003c5c                DMA1_Stream5_IRQHandler
                0x08003c5c                BDMA_Channel1_IRQHandler
                0x08003c5c                HRTIM1_TIMD_IRQHandler
                0x08003c5c                TAMP_STAMP_IRQHandler
                0x08003c5c                EXTI3_IRQHandler
                0x08003c5c                LPTIM4_IRQHandler
                0x08003c5c                TIM8_TRG_COM_TIM14_IRQHandler
                0x08003c5c                LPTIM2_IRQHandler
                0x08003c5c                DFSDM1_FLT1_IRQHandler
                0x08003c5c                DMAMUX2_OVR_IRQHandler
                0x08003c5c                TIM8_UP_TIM13_IRQHandler
                0x08003c5c                I2C3_ER_IRQHandler
                0x08003c5c                DFSDM1_FLT2_IRQHandler
                0x08003c5c                MDMA_IRQHandler
                0x08003c5c                LPTIM3_IRQHandler
                0x08003c5c                HSEM1_IRQHandler
                0x08003c5c                EXTI0_IRQHandler
                0x08003c5c                I2C2_EV_IRQHandler
                0x08003c5c                DMA1_Stream2_IRQHandler
                0x08003c5c                FPU_IRQHandler
                0x08003c5c                OTG_HS_WKUP_IRQHandler
                0x08003c5c                FDCAN1_IT1_IRQHandler
                0x08003c5c                LTDC_ER_IRQHandler
                0x08003c5c                DMA2_Stream2_IRQHandler
                0x08003c5c                HRTIM1_TIME_IRQHandler
                0x08003c5c                SPI1_IRQHandler
                0x08003c5c                TIM6_DAC_IRQHandler
                0x08003c5c                DCMI_IRQHandler
                0x08003c5c                HRTIM1_TIMC_IRQHandler
                0x08003c5c                DMA2_Stream3_IRQHandler
                0x08003c5c                SAI2_IRQHandler
                0x08003c5c                DFSDM1_FLT3_IRQHandler
                0x08003c5c                USART6_IRQHandler
                0x08003c5c                TIM17_IRQHandler
                0x08003c5c                USART3_IRQHandler
                0x08003c5c                BDMA_Channel7_IRQHandler
                0x08003c5c                LPTIM5_IRQHandler
                0x08003c5c                UART5_IRQHandler
                0x08003c5c                ADC3_IRQHandler
                0x08003c5c                DMA2_Stream0_IRQHandler
                0x08003c5c                TIM4_IRQHandler
                0x08003c5c                BDMA_Channel2_IRQHandler
                0x08003c5c                QUADSPI_IRQHandler
                0x08003c5c                I2C1_EV_IRQHandler
                0x08003c5c                DMA1_Stream6_IRQHandler
                0x08003c5c                DMAMUX1_OVR_IRQHandler
                0x08003c5c                DMA1_Stream1_IRQHandler
                0x08003c5c                TIM16_IRQHandler
                0x08003c5c                UART4_IRQHandler
                0x08003c5c                BDMA_Channel5_IRQHandler
                0x08003c5c                TIM3_IRQHandler
                0x08003c5c                RCC_IRQHandler
                0x08003c5c                TIM8_BRK_TIM12_IRQHandler
                0x08003c5c                TIM1_TRG_COM_IRQHandler
                0x08003c5c                Default_Handler
                0x08003c5c                ECC_IRQHandler
                0x08003c5c                CEC_IRQHandler
                0x08003c5c                EXTI15_10_IRQHandler
                0x08003c5c                BDMA_Channel0_IRQHandler
                0x08003c5c                DMA1_Stream7_IRQHandler
                0x08003c5c                HRTIM1_TIMA_IRQHandler
                0x08003c5c                SPI5_IRQHandler
                0x08003c5c                TIM7_IRQHandler
                0x08003c5c                SDMMC1_IRQHandler
                0x08003c5c                TIM5_IRQHandler
                0x08003c5c                DMA2_Stream7_IRQHandler
                0x08003c5c                TIM15_IRQHandler
                0x08003c5c                PVD_AVD_IRQHandler
                0x08003c5c                I2C3_EV_IRQHandler
                0x08003c5c                EXTI9_5_IRQHandler
                0x08003c5c                RTC_WKUP_IRQHandler
                0x08003c5c                LTDC_IRQHandler
                0x08003c5c                SAI3_IRQHandler
                0x08003c5c                ETH_WKUP_IRQHandler
                0x08003c5c                SPDIF_RX_IRQHandler
                0x08003c5c                OTG_HS_EP1_IN_IRQHandler
                0x08003c5c                CRS_IRQHandler
                0x08003c5c                EXTI4_IRQHandler
                0x08003c5c                RNG_IRQHandler
                0x08003c5c                HRTIM1_TIMB_IRQHandler
                0x08003c5c                FDCAN2_IT1_IRQHandler
                0x08003c5c                ETH_IRQHandler
                0x08003c5c                TIM1_UP_IRQHandler
                0x08003c5c                BDMA_Channel4_IRQHandler
                0x08003c5c                OTG_HS_EP1_OUT_IRQHandler
                0x08003c5c                WWDG_IRQHandler
                0x08003c5c                SPI6_IRQHandler
                0x08003c5c                MDIOS_IRQHandler
                0x08003c5c                I2C4_EV_IRQHandler
                0x08003c5c                FDCAN2_IT0_IRQHandler
                0x08003c5c                LPUART1_IRQHandler
                0x08003c5c                FDCAN1_IT0_IRQHandler
                0x08003c5c                OTG_FS_WKUP_IRQHandler
                0x08003c5c                OTG_HS_IRQHandler
                0x08003c5c                DMA2D_IRQHandler
                0x08003c5c                TIM1_BRK_IRQHandler
                0x08003c5c                EXTI1_IRQHandler
                0x08003c5c                SDMMC2_IRQHandler
                0x08003c5c                OTG_FS_EP1_OUT_IRQHandler
                0x08003c5c                BDMA_Channel3_IRQHandler
                0x08003c5c                UART7_IRQHandler
                0x08003c5c                MDIOS_WKUP_IRQHandler
                0x08003c5c                USART2_IRQHandler
                0x08003c5c                DFSDM1_FLT0_IRQHandler
                0x08003c5c                SAI4_IRQHandler
                0x08003c5c                I2C2_ER_IRQHandler
                0x08003c5c                DMA2_Stream1_IRQHandler
                0x08003c5c                FLASH_IRQHandler
                0x08003c5c                DMA2_Stream4_IRQHandler
                0x08003c5c                USART1_IRQHandler
                0x08003c5c                OTG_FS_IRQHandler
                0x08003c5c                SPI3_IRQHandler
                0x08003c5c                WAKEUP_PIN_IRQHandler
                0x08003c5c                OTG_FS_EP1_IN_IRQHandler
                0x08003c5c                I2C1_ER_IRQHandler
                0x08003c5c                FMC_IRQHandler
                0x08003c5c                FDCAN_CAL_IRQHandler
                0x08003c5c                SWPMI1_IRQHandler
                0x08003c5c                COMP1_IRQHandler
                0x08003c5c                LPTIM1_IRQHandler
                0x08003c5c                I2C4_ER_IRQHandler
                0x08003c5c                DMA2_Stream6_IRQHandler
                0x08003c5c                SAI1_IRQHandler
 .text.AT24CXX_Init
                0x08003c5e        0x8 CMakeFiles/lvgl.elf.dir/Core/User/24CXX/24cxx.c.obj
                0x08003c5e                AT24CXX_Init
 .text.AT24CXX_ReadOneByte
                0x08003c66       0x44 CMakeFiles/lvgl.elf.dir/Core/User/24CXX/24cxx.c.obj
                0x08003c66                AT24CXX_ReadOneByte
 .text.AT24CXX_WriteOneByte
                0x08003caa       0x3e CMakeFiles/lvgl.elf.dir/Core/User/24CXX/24cxx.c.obj
                0x08003caa                AT24CXX_WriteOneByte
 .text.AT24CXX_WriteLenByte
                0x08003ce8       0x26 CMakeFiles/lvgl.elf.dir/Core/User/24CXX/24cxx.c.obj
                0x08003ce8                AT24CXX_WriteLenByte
 .text.AT24CXX_ReadLenByte
                0x08003d0e       0x2a CMakeFiles/lvgl.elf.dir/Core/User/24CXX/24cxx.c.obj
                0x08003d0e                AT24CXX_ReadLenByte
 .text.delay_us
                0x08003d38       0x3c CMakeFiles/lvgl.elf.dir/Core/User/Delay/delay.c.obj
                0x08003d38                delay_us
 .text.delay_ms
                0x08003d74       0x18 CMakeFiles/lvgl.elf.dir/Core/User/Delay/delay.c.obj
                0x08003d74                delay_ms
 .text.IIC_Init
                0x08003d8c       0x58 CMakeFiles/lvgl.elf.dir/Core/User/IIC/myiic.c.obj
                0x08003d8c                IIC_Init
 .text.IIC_Start
                0x08003de4       0x50 CMakeFiles/lvgl.elf.dir/Core/User/IIC/myiic.c.obj
                0x08003de4                IIC_Start
 .text.IIC_Stop
                0x08003e34       0x50 CMakeFiles/lvgl.elf.dir/Core/User/IIC/myiic.c.obj
                0x08003e34                IIC_Stop
 .text.IIC_Wait_Ack
                0x08003e84       0x60 CMakeFiles/lvgl.elf.dir/Core/User/IIC/myiic.c.obj
                0x08003e84                IIC_Wait_Ack
 .text.IIC_Ack  0x08003ee4       0x50 CMakeFiles/lvgl.elf.dir/Core/User/IIC/myiic.c.obj
                0x08003ee4                IIC_Ack
 .text.IIC_NAck
                0x08003f34       0x50 CMakeFiles/lvgl.elf.dir/Core/User/IIC/myiic.c.obj
                0x08003f34                IIC_NAck
 .text.IIC_Send_Byte
                0x08003f84       0x78 CMakeFiles/lvgl.elf.dir/Core/User/IIC/myiic.c.obj
                0x08003f84                IIC_Send_Byte
 .text.IIC_Read_Byte
                0x08003ffc       0x6c CMakeFiles/lvgl.elf.dir/Core/User/IIC/myiic.c.obj
                0x08003ffc                IIC_Read_Byte
 .text.LTDC_Draw_Point
                0x08004068       0x4c CMakeFiles/lvgl.elf.dir/Core/User/LTDC/lcd_rgb_ltdc_drv.c.obj
                0x08004068                LTDC_Draw_Point
 .text.LTDC_Color_Fill
                0x080040b4       0xbc CMakeFiles/lvgl.elf.dir/Core/User/LTDC/lcd_rgb_ltdc_drv.c.obj
                0x080040b4                LTDC_Color_Fill
 .text.LTDC_Fill
                0x08004170       0xb4 CMakeFiles/lvgl.elf.dir/Core/User/LTDC/lcd_rgb_ltdc_drv.c.obj
                0x08004170                LTDC_Fill
 .text.LTDC_Clear
                0x08004224       0x28 CMakeFiles/lvgl.elf.dir/Core/User/LTDC/lcd_rgb_ltdc_drv.c.obj
                0x08004224                LTDC_Clear
 .text.LTDC_Clk_Set
                0x0800424c       0x26 CMakeFiles/lvgl.elf.dir/Core/User/LTDC/lcd_rgb_ltdc_drv.c.obj
                0x0800424c                LTDC_Clk_Set
 *fill*         0x08004272        0x2 
 .text.LTDC_Init
                0x08004274       0x58 CMakeFiles/lvgl.elf.dir/Core/User/LTDC/lcd_rgb_ltdc_drv.c.obj
                0x08004274                LTDC_Init
 .text.LTDC_DrawLine
                0x080042cc       0xa0 CMakeFiles/lvgl.elf.dir/Core/User/LTDC/lcd_rgb_ltdc_drv.c.obj
                0x080042cc                LTDC_DrawLine
 .text.LTDC_Draw_Circle
                0x0800436c       0xe0 CMakeFiles/lvgl.elf.dir/Core/User/LTDC/lcd_rgb_ltdc_drv.c.obj
                0x0800436c                LTDC_Draw_Circle
 .text.LTDC_ShowChar
                0x0800444c      0x104 CMakeFiles/lvgl.elf.dir/Core/User/LTDC/lcd_rgb_ltdc_drv.c.obj
                0x0800444c                LTDC_ShowChar
 .text.LTDC_Pow
                0x08004550       0x14 CMakeFiles/lvgl.elf.dir/Core/User/LTDC/lcd_rgb_ltdc_drv.c.obj
                0x08004550                LTDC_Pow
 .text.LTDC_ShowNum
                0x08004564       0x9c CMakeFiles/lvgl.elf.dir/Core/User/LTDC/lcd_rgb_ltdc_drv.c.obj
                0x08004564                LTDC_ShowNum
 .text.LTDC_ShowString
                0x08004600       0x62 CMakeFiles/lvgl.elf.dir/Core/User/LTDC/lcd_rgb_ltdc_drv.c.obj
                0x08004600                LTDC_ShowString
 *fill*         0x08004662        0x2 
 .text.RetargetInit
                0x08004664       0x20 CMakeFiles/lvgl.elf.dir/Core/User/RETARGET/retarget.c.obj
                0x08004664                RetargetInit
 .text._isatty  0x08004684       0x16 CMakeFiles/lvgl.elf.dir/Core/User/RETARGET/retarget.c.obj
                0x08004684                _isatty
 *fill*         0x0800469a        0x2 
 .text._write   0x0800469c       0x34 CMakeFiles/lvgl.elf.dir/Core/User/RETARGET/retarget.c.obj
                0x0800469c                _write
 .text._close   0x080046d0       0x18 CMakeFiles/lvgl.elf.dir/Core/User/RETARGET/retarget.c.obj
                0x080046d0                _close
 .text._lseek   0x080046e8       0x10 CMakeFiles/lvgl.elf.dir/Core/User/RETARGET/retarget.c.obj
                0x080046e8                _lseek
 .text._read    0x080046f8       0x30 CMakeFiles/lvgl.elf.dir/Core/User/RETARGET/retarget.c.obj
                0x080046f8                _read
 .text._fstat   0x08004728       0x1a CMakeFiles/lvgl.elf.dir/Core/User/RETARGET/retarget.c.obj
                0x08004728                _fstat
 .text.CT_Delay
                0x08004742        0xa CMakeFiles/lvgl.elf.dir/Core/User/TOUCH/ctiic.c.obj
                0x08004742                CT_Delay
 .text.CT_IIC_Init
                0x0800474c       0x6c CMakeFiles/lvgl.elf.dir/Core/User/TOUCH/ctiic.c.obj
                0x0800474c                CT_IIC_Init
 .text.CT_IIC_Start
                0x080047b8       0x44 CMakeFiles/lvgl.elf.dir/Core/User/TOUCH/ctiic.c.obj
                0x080047b8                CT_IIC_Start
 .text.CT_IIC_Stop
                0x080047fc       0x38 CMakeFiles/lvgl.elf.dir/Core/User/TOUCH/ctiic.c.obj
                0x080047fc                CT_IIC_Stop
 .text.CT_IIC_Wait_Ack
                0x08004834       0x5c CMakeFiles/lvgl.elf.dir/Core/User/TOUCH/ctiic.c.obj
                0x08004834                CT_IIC_Wait_Ack
 .text.CT_IIC_Ack
                0x08004890       0x48 CMakeFiles/lvgl.elf.dir/Core/User/TOUCH/ctiic.c.obj
                0x08004890                CT_IIC_Ack
 .text.CT_IIC_NAck
                0x080048d8       0x38 CMakeFiles/lvgl.elf.dir/Core/User/TOUCH/ctiic.c.obj
                0x080048d8                CT_IIC_NAck
 .text.CT_IIC_Send_Byte
                0x08004910       0x64 CMakeFiles/lvgl.elf.dir/Core/User/TOUCH/ctiic.c.obj
                0x08004910                CT_IIC_Send_Byte
 .text.CT_IIC_Read_Byte
                0x08004974       0x5c CMakeFiles/lvgl.elf.dir/Core/User/TOUCH/ctiic.c.obj
                0x08004974                CT_IIC_Read_Byte
 .text.FT5206_WR_Reg
                0x080049d0       0x44 CMakeFiles/lvgl.elf.dir/Core/User/TOUCH/ft5206.c.obj
                0x080049d0                FT5206_WR_Reg
 .text.FT5206_RD_Reg
                0x08004a14       0x4e CMakeFiles/lvgl.elf.dir/Core/User/TOUCH/ft5206.c.obj
                0x08004a14                FT5206_RD_Reg
 *fill*         0x08004a62        0x2 
 .text.FT5206_Init
                0x08004a64      0x148 CMakeFiles/lvgl.elf.dir/Core/User/TOUCH/ft5206.c.obj
                0x08004a64                FT5206_Init
 .text.FT5206_Scan
                0x08004bac      0x314 CMakeFiles/lvgl.elf.dir/Core/User/TOUCH/ft5206.c.obj
                0x08004bac                FT5206_Scan
 .text.GT9147_WR_Reg
                0x08004ec0       0x4e CMakeFiles/lvgl.elf.dir/Core/User/TOUCH/gt9147.c.obj
                0x08004ec0                GT9147_WR_Reg
 *fill*         0x08004f0e        0x2 
 .text.GT9147_Send_Cfg
                0x08004f10       0x54 CMakeFiles/lvgl.elf.dir/Core/User/TOUCH/gt9147.c.obj
                0x08004f10                GT9147_Send_Cfg
 .text.GT9147_RD_Reg
                0x08004f64       0x58 CMakeFiles/lvgl.elf.dir/Core/User/TOUCH/gt9147.c.obj
                0x08004f64                GT9147_RD_Reg
 .text.GT9147_Init
                0x08004fbc      0x138 CMakeFiles/lvgl.elf.dir/Core/User/TOUCH/gt9147.c.obj
                0x08004fbc                GT9147_Init
 .text.GT9147_Scan
                0x080050f4      0x350 CMakeFiles/lvgl.elf.dir/Core/User/TOUCH/gt9147.c.obj
                0x080050f4                GT9147_Scan
 .text.GT9271_WR_Reg
                0x08005444       0x4e CMakeFiles/lvgl.elf.dir/Core/User/TOUCH/gt9271.c.obj
                0x08005444                GT9271_WR_Reg
 *fill*         0x08005492        0x2 
 .text.GT9271_Send_Cfg
                0x08005494       0x54 CMakeFiles/lvgl.elf.dir/Core/User/TOUCH/gt9271.c.obj
                0x08005494                GT9271_Send_Cfg
 .text.GT9271_RD_Reg
                0x080054e8       0x58 CMakeFiles/lvgl.elf.dir/Core/User/TOUCH/gt9271.c.obj
                0x080054e8                GT9271_RD_Reg
 .text.GT9271_Init
                0x08005540      0x128 CMakeFiles/lvgl.elf.dir/Core/User/TOUCH/gt9271.c.obj
                0x08005540                GT9271_Init
 .text.GT9271_Scan
                0x08005668      0x1fc CMakeFiles/lvgl.elf.dir/Core/User/TOUCH/gt9271.c.obj
                0x08005668                GT9271_Scan
 .text.OTT2001A_WR_Reg
                0x08005864       0x4e CMakeFiles/lvgl.elf.dir/Core/User/TOUCH/ott2001a.c.obj
                0x08005864                OTT2001A_WR_Reg
 .text.OTT2001A_RD_Reg
                0x080058b2       0x58 CMakeFiles/lvgl.elf.dir/Core/User/TOUCH/ott2001a.c.obj
                0x080058b2                OTT2001A_RD_Reg
 .text.OTT2001A_SensorControl
                0x0800590a       0x26 CMakeFiles/lvgl.elf.dir/Core/User/TOUCH/ott2001a.c.obj
                0x0800590a                OTT2001A_SensorControl
 .text.OTT2001A_Init
                0x08005930       0xbc CMakeFiles/lvgl.elf.dir/Core/User/TOUCH/ott2001a.c.obj
                0x08005930                OTT2001A_Init
 *fill*         0x080059ec        0x4 
 .text.OTT2001A_Scan
                0x080059f0      0x1ac CMakeFiles/lvgl.elf.dir/Core/User/TOUCH/ott2001a.c.obj
                0x080059f0                OTT2001A_Scan
 .text.TP_Write_Byte
                0x08005b9c       0x58 CMakeFiles/lvgl.elf.dir/Core/User/TOUCH/touch.c.obj
                0x08005b9c                TP_Write_Byte
 .text.TP_Read_AD
                0x08005bf4       0xbc CMakeFiles/lvgl.elf.dir/Core/User/TOUCH/touch.c.obj
                0x08005bf4                TP_Read_AD
 .text.TP_Read_XOY
                0x08005cb0       0x98 CMakeFiles/lvgl.elf.dir/Core/User/TOUCH/touch.c.obj
                0x08005cb0                TP_Read_XOY
 .text.TP_Read_XY
                0x08005d48       0x28 CMakeFiles/lvgl.elf.dir/Core/User/TOUCH/touch.c.obj
                0x08005d48                TP_Read_XY
 .text.TP_Read_XY2
                0x08005d70       0x8c CMakeFiles/lvgl.elf.dir/Core/User/TOUCH/touch.c.obj
                0x08005d70                TP_Read_XY2
 .text.TP_Scan  0x08005dfc       0xdc CMakeFiles/lvgl.elf.dir/Core/User/TOUCH/touch.c.obj
                0x08005dfc                TP_Scan
 .text.TP_Drow_Touch_Point
                0x08005ed8       0x8a CMakeFiles/lvgl.elf.dir/Core/User/TOUCH/touch.c.obj
                0x08005ed8                TP_Drow_Touch_Point
 *fill*         0x08005f62        0x2 
 .text.TP_Save_Adjdata
                0x08005f64       0x74 CMakeFiles/lvgl.elf.dir/Core/User/TOUCH/touch.c.obj
                0x08005f64                TP_Save_Adjdata
 .text.TP_Get_Adjdata
                0x08005fd8       0xa0 CMakeFiles/lvgl.elf.dir/Core/User/TOUCH/touch.c.obj
                0x08005fd8                TP_Get_Adjdata
 .text.TP_Adj_Info_Show
                0x08006078      0x194 CMakeFiles/lvgl.elf.dir/Core/User/TOUCH/touch.c.obj
                0x08006078                TP_Adj_Info_Show
 *fill*         0x0800620c        0x4 
 .text.TP_Adjust
                0x08006210      0x614 CMakeFiles/lvgl.elf.dir/Core/User/TOUCH/touch.c.obj
                0x08006210                TP_Adjust
 .text.TP_Init  0x08006824      0x1b0 CMakeFiles/lvgl.elf.dir/Core/User/TOUCH/touch.c.obj
                0x08006824                TP_Init
 .text.mod      0x080069d4       0x3c CMakeFiles/lvgl.elf.dir/Core/User/my_lib/my_lib.c.obj
                0x080069d4                mod
 .text.apfft_phase
                0x08006a10      0x5f0 CMakeFiles/lvgl.elf.dir/Core/User/my_lib/my_lib.c.obj
                0x08006a10                apfft_phase
 .text.HAL_InitTick
                0x08007000       0x50 CMakeFiles/lvgl.elf.dir/Drivers/STM32H7xx_HAL_Driver/Src/stm32h7xx_hal.c.obj
                0x08007000                HAL_InitTick
 .text.HAL_Init
                0x08007050       0x5c CMakeFiles/lvgl.elf.dir/Drivers/STM32H7xx_HAL_Driver/Src/stm32h7xx_hal.c.obj
                0x08007050                HAL_Init
 .text.HAL_IncTick
                0x080070ac       0x18 CMakeFiles/lvgl.elf.dir/Drivers/STM32H7xx_HAL_Driver/Src/stm32h7xx_hal.c.obj
                0x080070ac                HAL_IncTick
 .text.HAL_GetTick
                0x080070c4        0xc CMakeFiles/lvgl.elf.dir/Drivers/STM32H7xx_HAL_Driver/Src/stm32h7xx_hal.c.obj
                0x080070c4                HAL_GetTick
 .text.HAL_Delay
                0x080070d0       0x28 CMakeFiles/lvgl.elf.dir/Drivers/STM32H7xx_HAL_Driver/Src/stm32h7xx_hal.c.obj
                0x080070d0                HAL_Delay
 .text.HAL_GetREVID
                0x080070f8        0xc CMakeFiles/lvgl.elf.dir/Drivers/STM32H7xx_HAL_Driver/Src/stm32h7xx_hal.c.obj
                0x080070f8                HAL_GetREVID
 .text.HAL_ADC_ConvCpltCallback
                0x08007104        0x2 CMakeFiles/lvgl.elf.dir/Drivers/STM32H7xx_HAL_Driver/Src/stm32h7xx_hal_adc.c.obj
                0x08007104                HAL_ADC_ConvCpltCallback
 .text.HAL_ADC_ConvHalfCpltCallback
                0x08007106        0x2 CMakeFiles/lvgl.elf.dir/Drivers/STM32H7xx_HAL_Driver/Src/stm32h7xx_hal_adc.c.obj
                0x08007106                HAL_ADC_ConvHalfCpltCallback
 .text.ADC_DMAHalfConvCplt
                0x08007108        0xa CMakeFiles/lvgl.elf.dir/Drivers/STM32H7xx_HAL_Driver/Src/stm32h7xx_hal_adc.c.obj
                0x08007108                ADC_DMAHalfConvCplt
 .text.HAL_ADC_LevelOutOfWindowCallback
                0x08007112        0x2 CMakeFiles/lvgl.elf.dir/Drivers/STM32H7xx_HAL_Driver/Src/stm32h7xx_hal_adc.c.obj
                0x08007112                HAL_ADC_LevelOutOfWindowCallback
 .text.HAL_ADC_ErrorCallback
                0x08007114        0x2 CMakeFiles/lvgl.elf.dir/Drivers/STM32H7xx_HAL_Driver/Src/stm32h7xx_hal_adc.c.obj
                0x08007114                HAL_ADC_ErrorCallback
 *fill*         0x08007116        0x2 
 .text.HAL_ADC_IRQHandler
                0x08007118      0x2d4 CMakeFiles/lvgl.elf.dir/Drivers/STM32H7xx_HAL_Driver/Src/stm32h7xx_hal_adc.c.obj
                0x08007118                HAL_ADC_IRQHandler
 .text.ADC_DMAConvCplt
                0x080073ec       0x88 CMakeFiles/lvgl.elf.dir/Drivers/STM32H7xx_HAL_Driver/Src/stm32h7xx_hal_adc.c.obj
                0x080073ec                ADC_DMAConvCplt
 .text.ADC_DMAError
                0x08007474       0x1a CMakeFiles/lvgl.elf.dir/Drivers/STM32H7xx_HAL_Driver/Src/stm32h7xx_hal_adc.c.obj
                0x08007474                ADC_DMAError
 *fill*         0x0800748e        0x2 
 .text.HAL_ADC_ConfigChannel
                0x08007490      0x4dc CMakeFiles/lvgl.elf.dir/Drivers/STM32H7xx_HAL_Driver/Src/stm32h7xx_hal_adc.c.obj
                0x08007490                HAL_ADC_ConfigChannel
 .text.ADC_ConversionStop
                0x0800796c       0xfc CMakeFiles/lvgl.elf.dir/Drivers/STM32H7xx_HAL_Driver/Src/stm32h7xx_hal_adc.c.obj
                0x0800796c                ADC_ConversionStop
 .text.ADC_Enable
                0x08007a68       0xd4 CMakeFiles/lvgl.elf.dir/Drivers/STM32H7xx_HAL_Driver/Src/stm32h7xx_hal_adc.c.obj
                0x08007a68                ADC_Enable
 .text.ADC_Disable
                0x08007b3c       0x94 CMakeFiles/lvgl.elf.dir/Drivers/STM32H7xx_HAL_Driver/Src/stm32h7xx_hal_adc.c.obj
                0x08007b3c                ADC_Disable
 .text.ADC_ConfigureBoostMode
                0x08007bd0      0x164 CMakeFiles/lvgl.elf.dir/Drivers/STM32H7xx_HAL_Driver/Src/stm32h7xx_hal_adc.c.obj
                0x08007bd0                ADC_ConfigureBoostMode
 .text.HAL_ADC_Init
                0x08007d34      0x260 CMakeFiles/lvgl.elf.dir/Drivers/STM32H7xx_HAL_Driver/Src/stm32h7xx_hal_adc.c.obj
                0x08007d34                HAL_ADC_Init
 .text.HAL_ADCEx_Calibration_Start
                0x08007f94       0xa8 CMakeFiles/lvgl.elf.dir/Drivers/STM32H7xx_HAL_Driver/Src/stm32h7xx_hal_adc_ex.c.obj
                0x08007f94                HAL_ADCEx_Calibration_Start
 .text.HAL_ADCEx_MultiModeStart_DMA
                0x0800803c      0x104 CMakeFiles/lvgl.elf.dir/Drivers/STM32H7xx_HAL_Driver/Src/stm32h7xx_hal_adc_ex.c.obj
                0x0800803c                HAL_ADCEx_MultiModeStart_DMA
 .text.HAL_ADCEx_MultiModeStop_DMA
                0x08008140      0x120 CMakeFiles/lvgl.elf.dir/Drivers/STM32H7xx_HAL_Driver/Src/stm32h7xx_hal_adc_ex.c.obj
                0x08008140                HAL_ADCEx_MultiModeStop_DMA
 .text.HAL_ADCEx_InjectedConvCpltCallback
                0x08008260        0x2 CMakeFiles/lvgl.elf.dir/Drivers/STM32H7xx_HAL_Driver/Src/stm32h7xx_hal_adc_ex.c.obj
                0x08008260                HAL_ADCEx_InjectedConvCpltCallback
 .text.HAL_ADCEx_InjectedQueueOverflowCallback
                0x08008262        0x2 CMakeFiles/lvgl.elf.dir/Drivers/STM32H7xx_HAL_Driver/Src/stm32h7xx_hal_adc_ex.c.obj
                0x08008262                HAL_ADCEx_InjectedQueueOverflowCallback
 .text.HAL_ADCEx_LevelOutOfWindow2Callback
                0x08008264        0x2 CMakeFiles/lvgl.elf.dir/Drivers/STM32H7xx_HAL_Driver/Src/stm32h7xx_hal_adc_ex.c.obj
                0x08008264                HAL_ADCEx_LevelOutOfWindow2Callback
 .text.HAL_ADCEx_LevelOutOfWindow3Callback
                0x08008266        0x2 CMakeFiles/lvgl.elf.dir/Drivers/STM32H7xx_HAL_Driver/Src/stm32h7xx_hal_adc_ex.c.obj
                0x08008266                HAL_ADCEx_LevelOutOfWindow3Callback
 .text.HAL_ADCEx_EndOfSamplingCallback
                0x08008268        0x2 CMakeFiles/lvgl.elf.dir/Drivers/STM32H7xx_HAL_Driver/Src/stm32h7xx_hal_adc_ex.c.obj
                0x08008268                HAL_ADCEx_EndOfSamplingCallback
 *fill*         0x0800826a        0x2 
 .text.HAL_ADCEx_MultiModeConfigChannel
                0x0800826c      0x164 CMakeFiles/lvgl.elf.dir/Drivers/STM32H7xx_HAL_Driver/Src/stm32h7xx_hal_adc_ex.c.obj
                0x0800826c                HAL_ADCEx_MultiModeConfigChannel
 .text.HAL_NVIC_SetPriorityGrouping
                0x080083d0       0x24 CMakeFiles/lvgl.elf.dir/Drivers/STM32H7xx_HAL_Driver/Src/stm32h7xx_hal_cortex.c.obj
                0x080083d0                HAL_NVIC_SetPriorityGrouping
 .text.HAL_NVIC_SetPriority
                0x080083f4       0x64 CMakeFiles/lvgl.elf.dir/Drivers/STM32H7xx_HAL_Driver/Src/stm32h7xx_hal_cortex.c.obj
                0x080083f4                HAL_NVIC_SetPriority
 .text.HAL_NVIC_EnableIRQ
                0x08008458       0x1c CMakeFiles/lvgl.elf.dir/Drivers/STM32H7xx_HAL_Driver/Src/stm32h7xx_hal_cortex.c.obj
                0x08008458                HAL_NVIC_EnableIRQ
 .text.HAL_SYSTICK_Config
                0x08008474       0x2c CMakeFiles/lvgl.elf.dir/Drivers/STM32H7xx_HAL_Driver/Src/stm32h7xx_hal_cortex.c.obj
                0x08008474                HAL_SYSTICK_Config
 .text.DMA_SetConfig
                0x080084a0      0x1b0 CMakeFiles/lvgl.elf.dir/Drivers/STM32H7xx_HAL_Driver/Src/stm32h7xx_hal_dma.c.obj
 .text.DMA_CalcBaseAndBitshift
                0x08008650       0xb4 CMakeFiles/lvgl.elf.dir/Drivers/STM32H7xx_HAL_Driver/Src/stm32h7xx_hal_dma.c.obj
 .text.DMA_CheckFifoParam
                0x08008704       0x92 CMakeFiles/lvgl.elf.dir/Drivers/STM32H7xx_HAL_Driver/Src/stm32h7xx_hal_dma.c.obj
 *fill*         0x08008796        0x2 
 .text.DMA_CalcDMAMUXChannelBaseAndMask
                0x08008798       0xb0 CMakeFiles/lvgl.elf.dir/Drivers/STM32H7xx_HAL_Driver/Src/stm32h7xx_hal_dma.c.obj
 .text.DMA_CalcDMAMUXRequestGenBaseAndMask
                0x08008848       0x7c CMakeFiles/lvgl.elf.dir/Drivers/STM32H7xx_HAL_Driver/Src/stm32h7xx_hal_dma.c.obj
 .text.HAL_DMA_Init
                0x080088c4      0x394 CMakeFiles/lvgl.elf.dir/Drivers/STM32H7xx_HAL_Driver/Src/stm32h7xx_hal_dma.c.obj
                0x080088c4                HAL_DMA_Init
 .text.HAL_DMA_Start_IT
                0x08008c58      0x298 CMakeFiles/lvgl.elf.dir/Drivers/STM32H7xx_HAL_Driver/Src/stm32h7xx_hal_dma.c.obj
                0x08008c58                HAL_DMA_Start_IT
 .text.HAL_DMA_Abort
                0x08008ef0      0x340 CMakeFiles/lvgl.elf.dir/Drivers/STM32H7xx_HAL_Driver/Src/stm32h7xx_hal_dma.c.obj
                0x08008ef0                HAL_DMA_Abort
 .text.HAL_DMA_Abort_IT
                0x08009230      0x270 CMakeFiles/lvgl.elf.dir/Drivers/STM32H7xx_HAL_Driver/Src/stm32h7xx_hal_dma.c.obj
                0x08009230                HAL_DMA_Abort_IT
 .text.HAL_DMA_IRQHandler
                0x080094a0      0x738 CMakeFiles/lvgl.elf.dir/Drivers/STM32H7xx_HAL_Driver/Src/stm32h7xx_hal_dma.c.obj
                0x080094a0                HAL_DMA_IRQHandler
 .text.HAL_DMA_GetError
                0x08009bd8        0x4 CMakeFiles/lvgl.elf.dir/Drivers/STM32H7xx_HAL_Driver/Src/stm32h7xx_hal_dma.c.obj
                0x08009bd8                HAL_DMA_GetError
 .text.HAL_DMA2D_Init
                0x08009bdc       0x84 CMakeFiles/lvgl.elf.dir/Drivers/STM32H7xx_HAL_Driver/Src/stm32h7xx_hal_dma2d.c.obj
                0x08009bdc                HAL_DMA2D_Init
 .text.HAL_GPIO_Init
                0x08009c60      0x1ec CMakeFiles/lvgl.elf.dir/Drivers/STM32H7xx_HAL_Driver/Src/stm32h7xx_hal_gpio.c.obj
                0x08009c60                HAL_GPIO_Init
 .text.HAL_GPIO_ReadPin
                0x08009e4c        0xe CMakeFiles/lvgl.elf.dir/Drivers/STM32H7xx_HAL_Driver/Src/stm32h7xx_hal_gpio.c.obj
                0x08009e4c                HAL_GPIO_ReadPin
 .text.HAL_GPIO_WritePin
                0x08009e5a        0xc CMakeFiles/lvgl.elf.dir/Drivers/STM32H7xx_HAL_Driver/Src/stm32h7xx_hal_gpio.c.obj
                0x08009e5a                HAL_GPIO_WritePin
 *fill*         0x08009e66        0x2 
 .text.LTDC_SetConfig
                0x08009e68      0x1ac CMakeFiles/lvgl.elf.dir/Drivers/STM32H7xx_HAL_Driver/Src/stm32h7xx_hal_ltdc.c.obj
 .text.HAL_LTDC_Init
                0x0800a014       0xf4 CMakeFiles/lvgl.elf.dir/Drivers/STM32H7xx_HAL_Driver/Src/stm32h7xx_hal_ltdc.c.obj
                0x0800a014                HAL_LTDC_Init
 .text.HAL_LTDC_ConfigLayer
                0x0800a108       0x5c CMakeFiles/lvgl.elf.dir/Drivers/STM32H7xx_HAL_Driver/Src/stm32h7xx_hal_ltdc.c.obj
                0x0800a108                HAL_LTDC_ConfigLayer
 .text.HAL_PWREx_ConfigSupply
                0x0800a164       0x54 CMakeFiles/lvgl.elf.dir/Drivers/STM32H7xx_HAL_Driver/Src/stm32h7xx_hal_pwr_ex.c.obj
                0x0800a164                HAL_PWREx_ConfigSupply
 .text.HAL_RCC_OscConfig
                0x0800a1b8      0x674 CMakeFiles/lvgl.elf.dir/Drivers/STM32H7xx_HAL_Driver/Src/stm32h7xx_hal_rcc.c.obj
                0x0800a1b8                HAL_RCC_OscConfig
 .text.HAL_RCC_GetSysClockFreq
                0x0800a82c      0x1f4 CMakeFiles/lvgl.elf.dir/Drivers/STM32H7xx_HAL_Driver/Src/stm32h7xx_hal_rcc.c.obj
                0x0800a82c                HAL_RCC_GetSysClockFreq
 .text.HAL_RCC_ClockConfig
                0x0800aa20      0x294 CMakeFiles/lvgl.elf.dir/Drivers/STM32H7xx_HAL_Driver/Src/stm32h7xx_hal_rcc.c.obj
                0x0800aa20                HAL_RCC_ClockConfig
 .text.HAL_RCC_GetHCLKFreq
                0x0800acb4       0x44 CMakeFiles/lvgl.elf.dir/Drivers/STM32H7xx_HAL_Driver/Src/stm32h7xx_hal_rcc.c.obj
                0x0800acb4                HAL_RCC_GetHCLKFreq
 .text.HAL_RCC_GetPCLK1Freq
                0x0800acf8       0x24 CMakeFiles/lvgl.elf.dir/Drivers/STM32H7xx_HAL_Driver/Src/stm32h7xx_hal_rcc.c.obj
                0x0800acf8                HAL_RCC_GetPCLK1Freq
 .text.HAL_RCC_GetPCLK2Freq
                0x0800ad1c       0x24 CMakeFiles/lvgl.elf.dir/Drivers/STM32H7xx_HAL_Driver/Src/stm32h7xx_hal_rcc.c.obj
                0x0800ad1c                HAL_RCC_GetPCLK2Freq
 .text.RCCEx_PLL2_Config
                0x0800ad40      0x10c CMakeFiles/lvgl.elf.dir/Drivers/STM32H7xx_HAL_Driver/Src/stm32h7xx_hal_rcc_ex.c.obj
 .text.RCCEx_PLL3_Config
                0x0800ae4c      0x10c CMakeFiles/lvgl.elf.dir/Drivers/STM32H7xx_HAL_Driver/Src/stm32h7xx_hal_rcc_ex.c.obj
 .text.HAL_RCCEx_PeriphCLKConfig
                0x0800af58      0x9c4 CMakeFiles/lvgl.elf.dir/Drivers/STM32H7xx_HAL_Driver/Src/stm32h7xx_hal_rcc_ex.c.obj
                0x0800af58                HAL_RCCEx_PeriphCLKConfig
 .text.HAL_RCCEx_GetD3PCLK1Freq
                0x0800b91c       0x24 CMakeFiles/lvgl.elf.dir/Drivers/STM32H7xx_HAL_Driver/Src/stm32h7xx_hal_rcc_ex.c.obj
                0x0800b91c                HAL_RCCEx_GetD3PCLK1Freq
 .text.HAL_RCCEx_GetPLL2ClockFreq
                0x0800b940      0x1fc CMakeFiles/lvgl.elf.dir/Drivers/STM32H7xx_HAL_Driver/Src/stm32h7xx_hal_rcc_ex.c.obj
                0x0800b940                HAL_RCCEx_GetPLL2ClockFreq
 .text.HAL_RCCEx_GetPLL3ClockFreq
                0x0800bb3c      0x1fc CMakeFiles/lvgl.elf.dir/Drivers/STM32H7xx_HAL_Driver/Src/stm32h7xx_hal_rcc_ex.c.obj
                0x0800bb3c                HAL_RCCEx_GetPLL3ClockFreq
 .text.HAL_RCCEx_GetPLL1ClockFreq
                0x0800bd38      0x1fc CMakeFiles/lvgl.elf.dir/Drivers/STM32H7xx_HAL_Driver/Src/stm32h7xx_hal_rcc_ex.c.obj
                0x0800bd38                HAL_RCCEx_GetPLL1ClockFreq
 .text.HAL_RCCEx_GetPeriphCLKFreq
                0x0800bf34      0x614 CMakeFiles/lvgl.elf.dir/Drivers/STM32H7xx_HAL_Driver/Src/stm32h7xx_hal_rcc_ex.c.obj
                0x0800bf34                HAL_RCCEx_GetPeriphCLKFreq
 .text.HAL_SDRAM_Init
                0x0800c548       0x50 CMakeFiles/lvgl.elf.dir/Drivers/STM32H7xx_HAL_Driver/Src/stm32h7xx_hal_sdram.c.obj
                0x0800c548                HAL_SDRAM_Init
 .text.HAL_SDRAM_SendCommand
                0x0800c598       0x42 CMakeFiles/lvgl.elf.dir/Drivers/STM32H7xx_HAL_Driver/Src/stm32h7xx_hal_sdram.c.obj
                0x0800c598                HAL_SDRAM_SendCommand
 .text.HAL_SDRAM_ProgramRefreshRate
                0x0800c5da       0x32 CMakeFiles/lvgl.elf.dir/Drivers/STM32H7xx_HAL_Driver/Src/stm32h7xx_hal_sdram.c.obj
                0x0800c5da                HAL_SDRAM_ProgramRefreshRate
 .text.SPI_CloseTransfer
                0x0800c60c       0xd0 CMakeFiles/lvgl.elf.dir/Drivers/STM32H7xx_HAL_Driver/Src/stm32h7xx_hal_spi.c.obj
 .text.SPI_GetPacketSize
                0x0800c6dc       0x10 CMakeFiles/lvgl.elf.dir/Drivers/STM32H7xx_HAL_Driver/Src/stm32h7xx_hal_spi.c.obj
 .text.HAL_SPI_Init
                0x0800c6ec      0x168 CMakeFiles/lvgl.elf.dir/Drivers/STM32H7xx_HAL_Driver/Src/stm32h7xx_hal_spi.c.obj
                0x0800c6ec                HAL_SPI_Init
 .text.HAL_SPI_Transmit_DMA
                0x0800c854      0x1c4 CMakeFiles/lvgl.elf.dir/Drivers/STM32H7xx_HAL_Driver/Src/stm32h7xx_hal_spi.c.obj
                0x0800c854                HAL_SPI_Transmit_DMA
 .text.HAL_SPI_TransmitReceive_DMA
                0x0800ca18      0x284 CMakeFiles/lvgl.elf.dir/Drivers/STM32H7xx_HAL_Driver/Src/stm32h7xx_hal_spi.c.obj
                0x0800ca18                HAL_SPI_TransmitReceive_DMA
 .text.HAL_SPI_TxCpltCallback
                0x0800cc9c        0x2 CMakeFiles/lvgl.elf.dir/Drivers/STM32H7xx_HAL_Driver/Src/stm32h7xx_hal_spi.c.obj
                0x0800cc9c                HAL_SPI_TxCpltCallback
 .text.SPI_DMATransmitCplt
                0x0800cc9e       0x2a CMakeFiles/lvgl.elf.dir/Drivers/STM32H7xx_HAL_Driver/Src/stm32h7xx_hal_spi.c.obj
 .text.HAL_SPI_RxCpltCallback
                0x0800ccc8        0x2 CMakeFiles/lvgl.elf.dir/Drivers/STM32H7xx_HAL_Driver/Src/stm32h7xx_hal_spi.c.obj
                0x0800ccc8                HAL_SPI_RxCpltCallback
 .text.SPI_DMAReceiveCplt
                0x0800ccca       0x2a CMakeFiles/lvgl.elf.dir/Drivers/STM32H7xx_HAL_Driver/Src/stm32h7xx_hal_spi.c.obj
 .text.HAL_SPI_TxRxCpltCallback
                0x0800ccf4        0x2 CMakeFiles/lvgl.elf.dir/Drivers/STM32H7xx_HAL_Driver/Src/stm32h7xx_hal_spi.c.obj
                0x0800ccf4                HAL_SPI_TxRxCpltCallback
 .text.SPI_DMATransmitReceiveCplt
                0x0800ccf6       0x2a CMakeFiles/lvgl.elf.dir/Drivers/STM32H7xx_HAL_Driver/Src/stm32h7xx_hal_spi.c.obj
 .text.HAL_SPI_TxHalfCpltCallback
                0x0800cd20        0x2 CMakeFiles/lvgl.elf.dir/Drivers/STM32H7xx_HAL_Driver/Src/stm32h7xx_hal_spi.c.obj
                0x0800cd20                HAL_SPI_TxHalfCpltCallback
 .text.SPI_DMAHalfTransmitCplt
                0x0800cd22        0xa CMakeFiles/lvgl.elf.dir/Drivers/STM32H7xx_HAL_Driver/Src/stm32h7xx_hal_spi.c.obj
 .text.HAL_SPI_RxHalfCpltCallback
                0x0800cd2c        0x2 CMakeFiles/lvgl.elf.dir/Drivers/STM32H7xx_HAL_Driver/Src/stm32h7xx_hal_spi.c.obj
                0x0800cd2c                HAL_SPI_RxHalfCpltCallback
 .text.SPI_DMAHalfReceiveCplt
                0x0800cd2e        0xa CMakeFiles/lvgl.elf.dir/Drivers/STM32H7xx_HAL_Driver/Src/stm32h7xx_hal_spi.c.obj
 .text.HAL_SPI_TxRxHalfCpltCallback
                0x0800cd38        0x2 CMakeFiles/lvgl.elf.dir/Drivers/STM32H7xx_HAL_Driver/Src/stm32h7xx_hal_spi.c.obj
                0x0800cd38                HAL_SPI_TxRxHalfCpltCallback
 .text.SPI_DMAHalfTransmitReceiveCplt
                0x0800cd3a        0xa CMakeFiles/lvgl.elf.dir/Drivers/STM32H7xx_HAL_Driver/Src/stm32h7xx_hal_spi.c.obj
 .text.HAL_SPI_ErrorCallback
                0x0800cd44        0x2 CMakeFiles/lvgl.elf.dir/Drivers/STM32H7xx_HAL_Driver/Src/stm32h7xx_hal_spi.c.obj
                0x0800cd44                HAL_SPI_ErrorCallback
 .text.SPI_DMAError
                0x0800cd46       0x2e CMakeFiles/lvgl.elf.dir/Drivers/STM32H7xx_HAL_Driver/Src/stm32h7xx_hal_spi.c.obj
 .text.HAL_SPI_IRQHandler
                0x0800cd74      0x258 CMakeFiles/lvgl.elf.dir/Drivers/STM32H7xx_HAL_Driver/Src/stm32h7xx_hal_spi.c.obj
                0x0800cd74                HAL_SPI_IRQHandler
 .text.SPI_DMAAbortOnError
                0x0800cfcc       0x1a CMakeFiles/lvgl.elf.dir/Drivers/STM32H7xx_HAL_Driver/Src/stm32h7xx_hal_spi.c.obj
 .text.TIM_TI1_ConfigInputStage
                0x0800cfe6       0x24 CMakeFiles/lvgl.elf.dir/Drivers/STM32H7xx_HAL_Driver/Src/stm32h7xx_hal_tim.c.obj
 .text.TIM_TI2_ConfigInputStage
                0x0800d00a       0x26 CMakeFiles/lvgl.elf.dir/Drivers/STM32H7xx_HAL_Driver/Src/stm32h7xx_hal_tim.c.obj
 .text.TIM_ITRx_SetConfig
                0x0800d030       0x14 CMakeFiles/lvgl.elf.dir/Drivers/STM32H7xx_HAL_Driver/Src/stm32h7xx_hal_tim.c.obj
 .text.HAL_TIM_Base_Start
                0x0800d044       0x88 CMakeFiles/lvgl.elf.dir/Drivers/STM32H7xx_HAL_Driver/Src/stm32h7xx_hal_tim.c.obj
                0x0800d044                HAL_TIM_Base_Start
 .text.HAL_TIM_Base_Stop
                0x0800d0cc       0x28 CMakeFiles/lvgl.elf.dir/Drivers/STM32H7xx_HAL_Driver/Src/stm32h7xx_hal_tim.c.obj
                0x0800d0cc                HAL_TIM_Base_Stop
 .text.HAL_TIM_Base_Start_IT
                0x0800d0f4       0x90 CMakeFiles/lvgl.elf.dir/Drivers/STM32H7xx_HAL_Driver/Src/stm32h7xx_hal_tim.c.obj
                0x0800d0f4                HAL_TIM_Base_Start_IT
 .text.HAL_TIM_OC_DelayElapsedCallback
                0x0800d184        0x2 CMakeFiles/lvgl.elf.dir/Drivers/STM32H7xx_HAL_Driver/Src/stm32h7xx_hal_tim.c.obj
                0x0800d184                HAL_TIM_OC_DelayElapsedCallback
 .text.HAL_TIM_IC_CaptureCallback
                0x0800d186        0x2 CMakeFiles/lvgl.elf.dir/Drivers/STM32H7xx_HAL_Driver/Src/stm32h7xx_hal_tim.c.obj
                0x0800d186                HAL_TIM_IC_CaptureCallback
 .text.HAL_TIM_PWM_PulseFinishedCallback
                0x0800d188        0x2 CMakeFiles/lvgl.elf.dir/Drivers/STM32H7xx_HAL_Driver/Src/stm32h7xx_hal_tim.c.obj
                0x0800d188                HAL_TIM_PWM_PulseFinishedCallback
 .text.HAL_TIM_TriggerCallback
                0x0800d18a        0x2 CMakeFiles/lvgl.elf.dir/Drivers/STM32H7xx_HAL_Driver/Src/stm32h7xx_hal_tim.c.obj
                0x0800d18a                HAL_TIM_TriggerCallback
 .text.HAL_TIM_IRQHandler
                0x0800d18c      0x19a CMakeFiles/lvgl.elf.dir/Drivers/STM32H7xx_HAL_Driver/Src/stm32h7xx_hal_tim.c.obj
                0x0800d18c                HAL_TIM_IRQHandler
 *fill*         0x0800d326        0x2 
 .text.TIM_Base_SetConfig
                0x0800d328      0x100 CMakeFiles/lvgl.elf.dir/Drivers/STM32H7xx_HAL_Driver/Src/stm32h7xx_hal_tim.c.obj
                0x0800d328                TIM_Base_SetConfig
 .text.HAL_TIM_Base_Init
                0x0800d428       0x60 CMakeFiles/lvgl.elf.dir/Drivers/STM32H7xx_HAL_Driver/Src/stm32h7xx_hal_tim.c.obj
                0x0800d428                HAL_TIM_Base_Init
 .text.TIM_ETR_SetConfig
                0x0800d488       0x18 CMakeFiles/lvgl.elf.dir/Drivers/STM32H7xx_HAL_Driver/Src/stm32h7xx_hal_tim.c.obj
                0x0800d488                TIM_ETR_SetConfig
 .text.HAL_TIM_ConfigClockSource
                0x0800d4a0      0x138 CMakeFiles/lvgl.elf.dir/Drivers/STM32H7xx_HAL_Driver/Src/stm32h7xx_hal_tim.c.obj
                0x0800d4a0                HAL_TIM_ConfigClockSource
 .text.HAL_TIMEx_MasterConfigSynchronization
                0x0800d5d8       0xa0 CMakeFiles/lvgl.elf.dir/Drivers/STM32H7xx_HAL_Driver/Src/stm32h7xx_hal_tim_ex.c.obj
                0x0800d5d8                HAL_TIMEx_MasterConfigSynchronization
 .text.HAL_TIMEx_CommutCallback
                0x0800d678        0x2 CMakeFiles/lvgl.elf.dir/Drivers/STM32H7xx_HAL_Driver/Src/stm32h7xx_hal_tim_ex.c.obj
                0x0800d678                HAL_TIMEx_CommutCallback
 .text.HAL_TIMEx_BreakCallback
                0x0800d67a        0x2 CMakeFiles/lvgl.elf.dir/Drivers/STM32H7xx_HAL_Driver/Src/stm32h7xx_hal_tim_ex.c.obj
                0x0800d67a                HAL_TIMEx_BreakCallback
 .text.HAL_TIMEx_Break2Callback
                0x0800d67c        0x2 CMakeFiles/lvgl.elf.dir/Drivers/STM32H7xx_HAL_Driver/Src/stm32h7xx_hal_tim_ex.c.obj
                0x0800d67c                HAL_TIMEx_Break2Callback
 *fill*         0x0800d67e        0x2 
 .text.UART_SetConfig
                0x0800d680      0x5fc CMakeFiles/lvgl.elf.dir/Drivers/STM32H7xx_HAL_Driver/Src/stm32h7xx_hal_uart.c.obj
                0x0800d680                UART_SetConfig
 .text.UART_AdvFeatureConfig
                0x0800dc7c       0xca CMakeFiles/lvgl.elf.dir/Drivers/STM32H7xx_HAL_Driver/Src/stm32h7xx_hal_uart.c.obj
                0x0800dc7c                UART_AdvFeatureConfig
 .text.UART_WaitOnFlagUntilTimeout
                0x0800dd46       0xd8 CMakeFiles/lvgl.elf.dir/Drivers/STM32H7xx_HAL_Driver/Src/stm32h7xx_hal_uart.c.obj
                0x0800dd46                UART_WaitOnFlagUntilTimeout
 .text.HAL_UART_Transmit
                0x0800de1e       0xe2 CMakeFiles/lvgl.elf.dir/Drivers/STM32H7xx_HAL_Driver/Src/stm32h7xx_hal_uart.c.obj
                0x0800de1e                HAL_UART_Transmit
 .text.HAL_UART_Receive
                0x0800df00      0x130 CMakeFiles/lvgl.elf.dir/Drivers/STM32H7xx_HAL_Driver/Src/stm32h7xx_hal_uart.c.obj
                0x0800df00                HAL_UART_Receive
 .text.UART_CheckIdleState
                0x0800e030       0x74 CMakeFiles/lvgl.elf.dir/Drivers/STM32H7xx_HAL_Driver/Src/stm32h7xx_hal_uart.c.obj
                0x0800e030                UART_CheckIdleState
 .text.HAL_UART_Init
                0x0800e0a4       0x66 CMakeFiles/lvgl.elf.dir/Drivers/STM32H7xx_HAL_Driver/Src/stm32h7xx_hal_uart.c.obj
                0x0800e0a4                HAL_UART_Init
 *fill*         0x0800e10a        0x2 
 .text.UARTEx_SetNbDataToProcess
                0x0800e10c       0x4c CMakeFiles/lvgl.elf.dir/Drivers/STM32H7xx_HAL_Driver/Src/stm32h7xx_hal_uart_ex.c.obj
 .text.HAL_UARTEx_DisableFifoMode
                0x0800e158       0x3e CMakeFiles/lvgl.elf.dir/Drivers/STM32H7xx_HAL_Driver/Src/stm32h7xx_hal_uart_ex.c.obj
                0x0800e158                HAL_UARTEx_DisableFifoMode
 .text.HAL_UARTEx_SetTxFifoThreshold
                0x0800e196       0x4a CMakeFiles/lvgl.elf.dir/Drivers/STM32H7xx_HAL_Driver/Src/stm32h7xx_hal_uart_ex.c.obj
                0x0800e196                HAL_UARTEx_SetTxFifoThreshold
 .text.HAL_UARTEx_SetRxFifoThreshold
                0x0800e1e0       0x4a CMakeFiles/lvgl.elf.dir/Drivers/STM32H7xx_HAL_Driver/Src/stm32h7xx_hal_uart_ex.c.obj
                0x0800e1e0                HAL_UARTEx_SetRxFifoThreshold
 *fill*         0x0800e22a        0x2 
 .text.FMC_SDRAM_Init
                0x0800e22c       0x74 CMakeFiles/lvgl.elf.dir/Drivers/STM32H7xx_HAL_Driver/Src/stm32h7xx_ll_fmc.c.obj
                0x0800e22c                FMC_SDRAM_Init
 .text.FMC_SDRAM_Timing_Init
                0x0800e2a0       0x98 CMakeFiles/lvgl.elf.dir/Drivers/STM32H7xx_HAL_Driver/Src/stm32h7xx_ll_fmc.c.obj
                0x0800e2a0                FMC_SDRAM_Timing_Init
 .text.FMC_SDRAM_SendCommand
                0x0800e338       0x2c CMakeFiles/lvgl.elf.dir/Drivers/STM32H7xx_HAL_Driver/Src/stm32h7xx_ll_fmc.c.obj
                0x0800e338                FMC_SDRAM_SendCommand
 .text.FMC_SDRAM_ProgramRefreshRate
                0x0800e364       0x14 CMakeFiles/lvgl.elf.dir/Drivers/STM32H7xx_HAL_Driver/Src/stm32h7xx_ll_fmc.c.obj
                0x0800e364                FMC_SDRAM_ProgramRefreshRate
 .text.lv_disp_get_scr_act
                0x0800e378       0x18 CMakeFiles/lvgl.elf.dir/GUI/lvgl/src/core/lv_disp.c.obj
                0x0800e378                lv_disp_get_scr_act
 .text.lv_disp_get_scr_prev
                0x0800e390       0x18 CMakeFiles/lvgl.elf.dir/GUI/lvgl/src/core/lv_disp.c.obj
                0x0800e390                lv_disp_get_scr_prev
 .text.lv_disp_load_scr
                0x0800e3a8       0x14 CMakeFiles/lvgl.elf.dir/GUI/lvgl/src/core/lv_disp.c.obj
                0x0800e3a8                lv_disp_load_scr
 .text.lv_disp_get_layer_top
                0x0800e3bc       0x18 CMakeFiles/lvgl.elf.dir/GUI/lvgl/src/core/lv_disp.c.obj
                0x0800e3bc                lv_disp_get_layer_top
 .text.lv_disp_get_layer_sys
                0x0800e3d4       0x18 CMakeFiles/lvgl.elf.dir/GUI/lvgl/src/core/lv_disp.c.obj
                0x0800e3d4                lv_disp_get_layer_sys
 .text.lv_disp_get_theme
                0x0800e3ec       0x12 CMakeFiles/lvgl.elf.dir/GUI/lvgl/src/core/lv_disp.c.obj
                0x0800e3ec                lv_disp_get_theme
 .text.lv_obj_get_event_dsc
                0x0800e3fe       0x1a CMakeFiles/lvgl.elf.dir/GUI/lvgl/src/core/lv_event.c.obj
 .text.event_is_bubbled
                0x0800e418       0x28 CMakeFiles/lvgl.elf.dir/GUI/lvgl/src/core/lv_event.c.obj
 .text.lv_obj_event_base
                0x0800e440       0x40 CMakeFiles/lvgl.elf.dir/GUI/lvgl/src/core/lv_event.c.obj
                0x0800e440                lv_obj_event_base
 .text.event_send_core
                0x0800e480       0xac CMakeFiles/lvgl.elf.dir/GUI/lvgl/src/core/lv_event.c.obj
 .text.lv_event_send
                0x0800e52c       0x40 CMakeFiles/lvgl.elf.dir/GUI/lvgl/src/core/lv_event.c.obj
                0x0800e52c                lv_event_send
 .text.lv_event_get_target
                0x0800e56c        0x4 CMakeFiles/lvgl.elf.dir/GUI/lvgl/src/core/lv_event.c.obj
                0x0800e56c                lv_event_get_target
 .text.lv_event_get_code
                0x0800e570        0x4 CMakeFiles/lvgl.elf.dir/GUI/lvgl/src/core/lv_event.c.obj
                0x0800e570                lv_event_get_code
 .text.lv_event_get_param
                0x0800e574        0x4 CMakeFiles/lvgl.elf.dir/GUI/lvgl/src/core/lv_event.c.obj
                0x0800e574                lv_event_get_param
 .text.lv_event_get_user_data
                0x0800e578        0x4 CMakeFiles/lvgl.elf.dir/GUI/lvgl/src/core/lv_event.c.obj
                0x0800e578                lv_event_get_user_data
 .text._lv_event_mark_deleted
                0x0800e57c       0x28 CMakeFiles/lvgl.elf.dir/GUI/lvgl/src/core/lv_event.c.obj
                0x0800e57c                _lv_event_mark_deleted
 .text.lv_obj_add_event_cb
                0x0800e5a4       0x7e CMakeFiles/lvgl.elf.dir/GUI/lvgl/src/core/lv_event.c.obj
                0x0800e5a4                lv_obj_add_event_cb
 .text.lv_event_get_indev
                0x0800e622       0x16 CMakeFiles/lvgl.elf.dir/GUI/lvgl/src/core/lv_event.c.obj
                0x0800e622                lv_event_get_indev
 .text.lv_event_set_ext_draw_size
                0x0800e638       0x1e CMakeFiles/lvgl.elf.dir/GUI/lvgl/src/core/lv_event.c.obj
                0x0800e638                lv_event_set_ext_draw_size
 .text.get_indev
                0x0800e656       0x52 CMakeFiles/lvgl.elf.dir/GUI/lvgl/src/core/lv_group.c.obj
 .text.focus_next_core
                0x0800e6a8       0xc4 CMakeFiles/lvgl.elf.dir/GUI/lvgl/src/core/lv_group.c.obj
 .text._lv_group_init
                0x0800e76c       0x10 CMakeFiles/lvgl.elf.dir/GUI/lvgl/src/core/lv_group.c.obj
                0x0800e76c                _lv_group_init
 .text.lv_group_get_default
                0x0800e77c        0xc CMakeFiles/lvgl.elf.dir/GUI/lvgl/src/core/lv_group.c.obj
                0x0800e77c                lv_group_get_default
 .text.lv_group_focus_next
                0x0800e788       0x14 CMakeFiles/lvgl.elf.dir/GUI/lvgl/src/core/lv_group.c.obj
                0x0800e788                lv_group_focus_next
 .text.lv_group_focus_prev
                0x0800e79c       0x14 CMakeFiles/lvgl.elf.dir/GUI/lvgl/src/core/lv_group.c.obj
                0x0800e79c                lv_group_focus_prev
 .text.lv_group_refocus
                0x0800e7b0       0x2a CMakeFiles/lvgl.elf.dir/GUI/lvgl/src/core/lv_group.c.obj
 .text.lv_group_add_obj
                0x0800e7da       0x72 CMakeFiles/lvgl.elf.dir/GUI/lvgl/src/core/lv_group.c.obj
                0x0800e7da                lv_group_add_obj
 .text.lv_group_remove_obj
                0x0800e84c       0xa4 CMakeFiles/lvgl.elf.dir/GUI/lvgl/src/core/lv_group.c.obj
                0x0800e84c                lv_group_remove_obj
 .text.lv_group_get_focused
                0x0800e8f0        0xc CMakeFiles/lvgl.elf.dir/GUI/lvgl/src/core/lv_group.c.obj
                0x0800e8f0                lv_group_get_focused
 .text.lv_group_send_data
                0x0800e8fc       0x1e CMakeFiles/lvgl.elf.dir/GUI/lvgl/src/core/lv_group.c.obj
                0x0800e8fc                lv_group_send_data
 .text.lv_group_set_editing
                0x0800e91a       0x44 CMakeFiles/lvgl.elf.dir/GUI/lvgl/src/core/lv_group.c.obj
                0x0800e91a                lv_group_set_editing
 .text.lv_group_focus_obj
                0x0800e95e       0x94 CMakeFiles/lvgl.elf.dir/GUI/lvgl/src/core/lv_group.c.obj
                0x0800e95e                lv_group_focus_obj
 .text.lv_group_get_editing
                0x0800e9f2        0xe CMakeFiles/lvgl.elf.dir/GUI/lvgl/src/core/lv_group.c.obj
                0x0800e9f2                lv_group_get_editing
 .text.lv_group_get_obj_count
                0x0800ea00        0x8 CMakeFiles/lvgl.elf.dir/GUI/lvgl/src/core/lv_group.c.obj
                0x0800ea00                lv_group_get_obj_count
 .text.indev_proc_reset_query_handler
                0x0800ea08       0x44 CMakeFiles/lvgl.elf.dir/GUI/lvgl/src/core/lv_indev.c.obj
 .text.indev_reset_check
                0x0800ea4c       0x18 CMakeFiles/lvgl.elf.dir/GUI/lvgl/src/core/lv_indev.c.obj
 .text.indev_proc_release
                0x0800ea64       0x98 CMakeFiles/lvgl.elf.dir/GUI/lvgl/src/core/lv_indev.c.obj
 .text.indev_click_focus
                0x0800eafc       0xfc CMakeFiles/lvgl.elf.dir/GUI/lvgl/src/core/lv_indev.c.obj
 .text.indev_gesture
                0x0800ebf8      0x10c CMakeFiles/lvgl.elf.dir/GUI/lvgl/src/core/lv_indev.c.obj
 .text.indev_keypad_proc
                0x0800ed04      0x264 CMakeFiles/lvgl.elf.dir/GUI/lvgl/src/core/lv_indev.c.obj
 .text.indev_encoder_proc
                0x0800ef68      0x3a4 CMakeFiles/lvgl.elf.dir/GUI/lvgl/src/core/lv_indev.c.obj
 .text.lv_indev_get_act
                0x0800f30c        0xc CMakeFiles/lvgl.elf.dir/GUI/lvgl/src/core/lv_indev.c.obj
                0x0800f30c                lv_indev_get_act
 .text.lv_indev_get_type
                0x0800f318        0xc CMakeFiles/lvgl.elf.dir/GUI/lvgl/src/core/lv_indev.c.obj
                0x0800f318                lv_indev_get_type
 .text.lv_indev_reset
                0x0800f324       0xa4 CMakeFiles/lvgl.elf.dir/GUI/lvgl/src/core/lv_indev.c.obj
                0x0800f324                lv_indev_reset
 .text.lv_indev_reset_long_press
                0x0800f3c8       0x1a CMakeFiles/lvgl.elf.dir/GUI/lvgl/src/core/lv_indev.c.obj
                0x0800f3c8                lv_indev_reset_long_press
 .text.lv_indev_get_point
                0x0800f3e2       0x2e CMakeFiles/lvgl.elf.dir/GUI/lvgl/src/core/lv_indev.c.obj
                0x0800f3e2                lv_indev_get_point
 .text.lv_indev_get_scroll_dir
                0x0800f410       0x20 CMakeFiles/lvgl.elf.dir/GUI/lvgl/src/core/lv_indev.c.obj
                0x0800f410                lv_indev_get_scroll_dir
 .text.lv_indev_get_scroll_obj
                0x0800f430       0x18 CMakeFiles/lvgl.elf.dir/GUI/lvgl/src/core/lv_indev.c.obj
                0x0800f430                lv_indev_get_scroll_obj
 .text.lv_indev_get_vect
                0x0800f448       0x22 CMakeFiles/lvgl.elf.dir/GUI/lvgl/src/core/lv_indev.c.obj
                0x0800f448                lv_indev_get_vect
 .text.lv_indev_wait_release
                0x0800f46a        0xc CMakeFiles/lvgl.elf.dir/GUI/lvgl/src/core/lv_indev.c.obj
                0x0800f46a                lv_indev_wait_release
 *fill*         0x0800f476        0x2 
 .text.lv_indev_get_obj_act
                0x0800f478        0xc CMakeFiles/lvgl.elf.dir/GUI/lvgl/src/core/lv_indev.c.obj
                0x0800f478                lv_indev_get_obj_act
 .text.lv_indev_search_obj
                0x0800f484       0x6e CMakeFiles/lvgl.elf.dir/GUI/lvgl/src/core/lv_indev.c.obj
                0x0800f484                lv_indev_search_obj
 *fill*         0x0800f4f2        0x2 
 .text.indev_proc_press
                0x0800f4f4      0x278 CMakeFiles/lvgl.elf.dir/GUI/lvgl/src/core/lv_indev.c.obj
 .text.indev_pointer_proc
                0x0800f76c       0xbe CMakeFiles/lvgl.elf.dir/GUI/lvgl/src/core/lv_indev.c.obj
 .text.indev_button_proc
                0x0800f82a       0x76 CMakeFiles/lvgl.elf.dir/GUI/lvgl/src/core/lv_indev.c.obj
 .text.lv_indev_read_timer_cb
                0x0800f8a0       0xcc CMakeFiles/lvgl.elf.dir/GUI/lvgl/src/core/lv_indev.c.obj
                0x0800f8a0                lv_indev_read_timer_cb
 .text.scroll_limit_diff
                0x0800f96c       0x74 CMakeFiles/lvgl.elf.dir/GUI/lvgl/src/core/lv_indev_scroll.c.obj
 .text.scroll_throw_predict_y
                0x0800f9e0       0x34 CMakeFiles/lvgl.elf.dir/GUI/lvgl/src/core/lv_indev_scroll.c.obj
 .text.scroll_throw_predict_x
                0x0800fa14       0x34 CMakeFiles/lvgl.elf.dir/GUI/lvgl/src/core/lv_indev_scroll.c.obj
 .text.find_scroll_obj
                0x0800fa48      0x1f8 CMakeFiles/lvgl.elf.dir/GUI/lvgl/src/core/lv_indev_scroll.c.obj
 .text.find_snap_point_y
                0x0800fc40      0x130 CMakeFiles/lvgl.elf.dir/GUI/lvgl/src/core/lv_indev_scroll.c.obj
 .text.find_snap_point_x
                0x0800fd70      0x130 CMakeFiles/lvgl.elf.dir/GUI/lvgl/src/core/lv_indev_scroll.c.obj
 .text.init_scroll_limits
                0x0800fea0      0x1ac CMakeFiles/lvgl.elf.dir/GUI/lvgl/src/core/lv_indev_scroll.c.obj
 .text.elastic_diff
                0x0801004c      0x1fc CMakeFiles/lvgl.elf.dir/GUI/lvgl/src/core/lv_indev_scroll.c.obj
 .text._lv_indev_scroll_handler
                0x08010248      0x134 CMakeFiles/lvgl.elf.dir/GUI/lvgl/src/core/lv_indev_scroll.c.obj
                0x08010248                _lv_indev_scroll_handler
 .text._lv_indev_scroll_throw_handler
                0x0801037c      0x248 CMakeFiles/lvgl.elf.dir/GUI/lvgl/src/core/lv_indev_scroll.c.obj
                0x0801037c                _lv_indev_scroll_throw_handler
 .text.lv_indev_scroll_throw_predict
                0x080105c4       0x4c CMakeFiles/lvgl.elf.dir/GUI/lvgl/src/core/lv_indev_scroll.c.obj
                0x080105c4                lv_indev_scroll_throw_predict
 .text.scrollbar_init_draw_dsc
                0x08010610      0x112 CMakeFiles/lvgl.elf.dir/GUI/lvgl/src/core/lv_obj.c.obj
 .text.draw_scrollbar
                0x08010722       0x5a CMakeFiles/lvgl.elf.dir/GUI/lvgl/src/core/lv_obj.c.obj
 .text.lv_obj_draw
                0x0801077c      0x25c CMakeFiles/lvgl.elf.dir/GUI/lvgl/src/core/lv_obj.c.obj
 .text.lv_obj_constructor
                0x080109d8       0x84 CMakeFiles/lvgl.elf.dir/GUI/lvgl/src/core/lv_obj.c.obj
 .text.lv_obj_set_state
                0x08010a5c      0x228 CMakeFiles/lvgl.elf.dir/GUI/lvgl/src/core/lv_obj.c.obj
 .text.lv_init  0x08010c84       0x54 CMakeFiles/lvgl.elf.dir/GUI/lvgl/src/core/lv_obj.c.obj
                0x08010c84                lv_init
 .text.lv_obj_create
                0x08010cd8       0x18 CMakeFiles/lvgl.elf.dir/GUI/lvgl/src/core/lv_obj.c.obj
                0x08010cd8                lv_obj_create
 .text.lv_obj_add_flag
                0x08010cf0       0x46 CMakeFiles/lvgl.elf.dir/GUI/lvgl/src/core/lv_obj.c.obj
                0x08010cf0                lv_obj_add_flag
 .text.lv_obj_clear_flag
                0x08010d36       0x52 CMakeFiles/lvgl.elf.dir/GUI/lvgl/src/core/lv_obj.c.obj
                0x08010d36                lv_obj_clear_flag
 .text.lv_obj_add_state
                0x08010d88       0x18 CMakeFiles/lvgl.elf.dir/GUI/lvgl/src/core/lv_obj.c.obj
                0x08010d88                lv_obj_add_state
 .text.lv_obj_clear_state
                0x08010da0       0x1a CMakeFiles/lvgl.elf.dir/GUI/lvgl/src/core/lv_obj.c.obj
                0x08010da0                lv_obj_clear_state
 .text.lv_obj_has_flag
                0x08010dba        0xe CMakeFiles/lvgl.elf.dir/GUI/lvgl/src/core/lv_obj.c.obj
                0x08010dba                lv_obj_has_flag
 .text.lv_obj_has_flag_any
                0x08010dc8        0xc CMakeFiles/lvgl.elf.dir/GUI/lvgl/src/core/lv_obj.c.obj
                0x08010dc8                lv_obj_has_flag_any
 .text.lv_obj_get_state
                0x08010dd4        0x4 CMakeFiles/lvgl.elf.dir/GUI/lvgl/src/core/lv_obj.c.obj
                0x08010dd4                lv_obj_get_state
 .text.lv_obj_get_group
                0x08010dd8        0x8 CMakeFiles/lvgl.elf.dir/GUI/lvgl/src/core/lv_obj.c.obj
                0x08010dd8                lv_obj_get_group
 .text.lv_obj_event
                0x08010de0      0x266 CMakeFiles/lvgl.elf.dir/GUI/lvgl/src/core/lv_obj.c.obj
 *fill*         0x08011046        0x2 
 .text.lv_obj_destructor
                0x08011048       0x68 CMakeFiles/lvgl.elf.dir/GUI/lvgl/src/core/lv_obj.c.obj
 .text.lv_obj_allocate_spec_attr
                0x080110b0       0x40 CMakeFiles/lvgl.elf.dir/GUI/lvgl/src/core/lv_obj.c.obj
                0x080110b0                lv_obj_allocate_spec_attr
 .text.lv_obj_check_type
                0x080110f0       0x12 CMakeFiles/lvgl.elf.dir/GUI/lvgl/src/core/lv_obj.c.obj
                0x080110f0                lv_obj_check_type
 .text.lv_obj_construct
                0x08011102       0x1e CMakeFiles/lvgl.elf.dir/GUI/lvgl/src/core/lv_obj_class.c.obj
 .text.get_instance_size
                0x08011120       0x20 CMakeFiles/lvgl.elf.dir/GUI/lvgl/src/core/lv_obj_class.c.obj
 .text.lv_obj_class_create_obj
                0x08011140       0xd0 CMakeFiles/lvgl.elf.dir/GUI/lvgl/src/core/lv_obj_class.c.obj
                0x08011140                lv_obj_class_create_obj
 .text._lv_obj_destruct
                0x08011210       0x1e CMakeFiles/lvgl.elf.dir/GUI/lvgl/src/core/lv_obj_class.c.obj
                0x08011210                _lv_obj_destruct
 .text.lv_obj_is_editable
                0x0801122e       0x26 CMakeFiles/lvgl.elf.dir/GUI/lvgl/src/core/lv_obj_class.c.obj
                0x0801122e                lv_obj_is_editable
 .text.lv_obj_is_group_def
                0x08011254       0x26 CMakeFiles/lvgl.elf.dir/GUI/lvgl/src/core/lv_obj_class.c.obj
                0x08011254                lv_obj_is_group_def
 .text.lv_obj_class_init_obj
                0x0801127a       0x66 CMakeFiles/lvgl.elf.dir/GUI/lvgl/src/core/lv_obj_class.c.obj
                0x0801127a                lv_obj_class_init_obj
 .text.lv_obj_init_draw_rect_dsc
                0x080112e0      0x2a2 CMakeFiles/lvgl.elf.dir/GUI/lvgl/src/core/lv_obj_draw.c.obj
                0x080112e0                lv_obj_init_draw_rect_dsc
 .text.lv_obj_init_draw_label_dsc
                0x08011582       0xd0 CMakeFiles/lvgl.elf.dir/GUI/lvgl/src/core/lv_obj_draw.c.obj
                0x08011582                lv_obj_init_draw_label_dsc
 .text.lv_obj_init_draw_img_dsc
                0x08011652       0xa6 CMakeFiles/lvgl.elf.dir/GUI/lvgl/src/core/lv_obj_draw.c.obj
                0x08011652                lv_obj_init_draw_img_dsc
 .text.lv_obj_init_draw_line_dsc
                0x080116f8       0xa4 CMakeFiles/lvgl.elf.dir/GUI/lvgl/src/core/lv_obj_draw.c.obj
                0x080116f8                lv_obj_init_draw_line_dsc
 .text.lv_obj_init_draw_arc_dsc
                0x0801179c       0x8a CMakeFiles/lvgl.elf.dir/GUI/lvgl/src/core/lv_obj_draw.c.obj
                0x0801179c                lv_obj_init_draw_arc_dsc
 .text.lv_obj_calculate_ext_draw_size
                0x08011826       0xf2 CMakeFiles/lvgl.elf.dir/GUI/lvgl/src/core/lv_obj_draw.c.obj
                0x08011826                lv_obj_calculate_ext_draw_size
 .text.lv_obj_draw_dsc_init
                0x08011918       0x10 CMakeFiles/lvgl.elf.dir/GUI/lvgl/src/core/lv_obj_draw.c.obj
                0x08011918                lv_obj_draw_dsc_init
 .text._lv_obj_get_ext_draw_size
                0x08011928        0xe CMakeFiles/lvgl.elf.dir/GUI/lvgl/src/core/lv_obj_draw.c.obj
                0x08011928                _lv_obj_get_ext_draw_size
 .text.lv_obj_refresh_ext_draw_size
                0x08011936       0x64 CMakeFiles/lvgl.elf.dir/GUI/lvgl/src/core/lv_obj_draw.c.obj
                0x08011936                lv_obj_refresh_ext_draw_size
 .text.lv_obj_set_width
                0x0801199a       0x30 CMakeFiles/lvgl.elf.dir/GUI/lvgl/src/core/lv_obj_pos.c.obj
                0x0801199a                lv_obj_set_width
 .text.lv_obj_set_height
                0x080119ca       0x30 CMakeFiles/lvgl.elf.dir/GUI/lvgl/src/core/lv_obj_pos.c.obj